../Middlewares/ST/touchgfx/framework/include/touchgfx/Font.hpp:167:13:touchgfx::Font::~Font()	16	static
../Middlewares/ST/touchgfx/framework/include/touchgfx/Font.hpp:167:13:virtual touchgfx::Font::~Font()	16	static
../Middlewares/ST/touchgfx/framework/include/touchgfx/ConstFont.hpp:35:7:touchgfx::ConstFont::~ConstFont()	16	static
../Middlewares/ST/touchgfx/framework/include/touchgfx/ConstFont.hpp:35:7:virtual touchgfx::ConstFont::~ConstFont()	16	static
../TouchGFX/generated/fonts/include/fonts/GeneratedFont.hpp:11:7:touchgfx::GeneratedFont::~GeneratedFont()	16	static
../TouchGFX/generated/fonts/include/fonts/GeneratedFont.hpp:11:7:virtual touchgfx::GeneratedFont::~GeneratedFont()	16	static
../TouchGFX/generated/fonts/src/Table_AvenirNext_Regular_08_20_4bpp.cpp:119:217:void __tcf_0()	8	static
../TouchGFX/generated/fonts/src/Table_AvenirNext_Regular_08_20_4bpp.cpp:117:26:touchgfx::GeneratedFont& getFont_AvenirNext_Regular_08_20_4bpp()	56	static
