../Middlewares/ST/touchgfx/framework/include/touchgfx/hal/Types.hpp:127:5:touchgfx::Rect::Rect()	16	static
../Middlewares/ST/touchgfx/framework/include/touchgfx/hal/Types.hpp:140:5:touchgfx::Rect::Rect(int16_t, int16_t, int16_t, int16_t)	24	static
../Middlewares/ST/touchgfx/framework/include/touchgfx/events/ClickEvent.hpp:123:20:touchgfx::ClickEvent::ClickEventType touchgfx::ClickEvent::getType() const	16	static
../Middlewares/ST/touchgfx/framework/include/touchgfx/Drawable.hpp:62:13:touchgfx::Drawable::~Drawable()	16	static
../Middlewares/ST/touchgfx/framework/include/touchgfx/Drawable.hpp:62:13:virtual touchgfx::Drawable::~Drawable()	16	static
../Middlewares/ST/touchgfx/framework/include/touchgfx/Drawable.hpp:121:18:virtual void touchgfx::Drawable::invalidateContent() const	16	static
../Middlewares/ST/touchgfx/framework/include/touchgfx/Drawable.hpp:147:23:virtual touchgfx::Drawable* touchgfx::Drawable::getFirstChild()	16	static
../Middlewares/ST/touchgfx/framework/include/touchgfx/Drawable.hpp:273:13:int16_t touchgfx::Drawable::getX() const	16	static
../Middlewares/ST/touchgfx/framework/include/touchgfx/Drawable.hpp:293:13:int16_t touchgfx::Drawable::getWidth() const	16	static
../Middlewares/ST/touchgfx/framework/include/touchgfx/Drawable.hpp:315:18:virtual void touchgfx::Drawable::setX(int16_t)	16	static
../Middlewares/ST/touchgfx/framework/include/touchgfx/Drawable.hpp:327:18:virtual void touchgfx::Drawable::setY(int16_t)	16	static
../Middlewares/ST/touchgfx/framework/include/touchgfx/Drawable.hpp:356:18:virtual void touchgfx::Drawable::setWidth(int16_t)	16	static
../Middlewares/ST/touchgfx/framework/include/touchgfx/Drawable.hpp:368:18:virtual void touchgfx::Drawable::setHeight(int16_t)	16	static
../Middlewares/ST/touchgfx/framework/include/touchgfx/Drawable.hpp:378:18:virtual void touchgfx::Drawable::childGeometryChanged()	16	static
../Middlewares/ST/touchgfx/framework/include/touchgfx/Drawable.hpp:389:18:virtual void touchgfx::Drawable::handleClickEvent(const touchgfx::ClickEvent&)	16	static
../Middlewares/ST/touchgfx/framework/include/touchgfx/Drawable.hpp:401:18:virtual void touchgfx::Drawable::handleGestureEvent(const touchgfx::GestureEvent&)	16	static
../Middlewares/ST/touchgfx/framework/include/touchgfx/Drawable.hpp:490:18:virtual void touchgfx::Drawable::handleDragEvent(const touchgfx::DragEvent&)	16	static
../Middlewares/ST/touchgfx/framework/include/touchgfx/Drawable.hpp:501:18:virtual void touchgfx::Drawable::handleTickEvent()	16	static
../Middlewares/ST/touchgfx/framework/include/touchgfx/Drawable.hpp:515:10:void touchgfx::Drawable::setVisible(bool)	16	static
../Middlewares/ST/touchgfx/framework/include/touchgfx/Drawable.hpp:537:10:bool touchgfx::Drawable::isVisible() const	16	static
../Middlewares/ST/touchgfx/framework/include/touchgfx/Drawable.hpp:549:10:bool touchgfx::Drawable::isTouchable() const	16	static
../Middlewares/ST/touchgfx/framework/include/touchgfx/Drawable.hpp:588:18:virtual void touchgfx::Drawable::moveTo(int16_t, int16_t)	16	static
../Middlewares/ST/touchgfx/framework/include/touchgfx/Drawable.hpp:625:10:void touchgfx::Drawable::resetDrawChainCache()	16	static
../Middlewares/ST/touchgfx/framework/include/touchgfx/Drawable.hpp:703:18:virtual void touchgfx::Drawable::setupDrawChain(const touchgfx::Rect&, touchgfx::Drawable**)	24	static
../Middlewares/ST/touchgfx/framework/include/touchgfx/containers/Container.hpp:165:23:virtual touchgfx::Drawable* touchgfx::Container::getFirstChild()	16	static
../Middlewares/ST/touchgfx/framework/include/touchgfx/Screen.hpp:46:13:touchgfx::Screen::~Screen()	16	static
../Middlewares/ST/touchgfx/framework/include/touchgfx/Screen.hpp:46:13:virtual touchgfx::Screen::~Screen()	16	static
../Middlewares/ST/touchgfx/framework/include/touchgfx/Screen.hpp:93:18:virtual void touchgfx::Screen::setupScreen()	16	static
../Middlewares/ST/touchgfx/framework/include/touchgfx/Screen.hpp:104:18:virtual void touchgfx::Screen::afterTransition()	16	static
../Middlewares/ST/touchgfx/framework/include/touchgfx/Screen.hpp:115:18:virtual void touchgfx::Screen::tearDownScreen()	16	static
../Middlewares/ST/touchgfx/framework/include/touchgfx/Screen.hpp:144:18:virtual void touchgfx::Screen::handleTickEvent()	16	static
../Middlewares/ST/touchgfx/framework/include/touchgfx/Screen.hpp:154:18:virtual void touchgfx::Screen::handleKeyEvent(uint8_t)	16	static
../Middlewares/ST/touchgfx/framework/include/touchgfx/Screen.hpp:267:10:void touchgfx::Screen::invalidate() const	16	static
../Middlewares/ST/touchgfx/framework/include/touchgfx/widgets/Widget.hpp:45:18:virtual void touchgfx::Widget::getLastChild(int16_t, int16_t, touchgfx::Drawable**)	24	static
../Middlewares/ST/touchgfx/framework/include/touchgfx/widgets/Widget.hpp:36:7:touchgfx::Widget::~Widget()	16	static
../Middlewares/ST/touchgfx/framework/include/touchgfx/widgets/Widget.hpp:36:7:virtual touchgfx::Widget::~Widget()	16	static
../Middlewares/ST/touchgfx/framework/include/touchgfx/widgets/Box.hpp:62:10:void touchgfx::Box::setColor(touchgfx::colortype)	16	static
../Middlewares/ST/touchgfx/framework/include/touchgfx/widgets/Box.hpp:82:10:void touchgfx::Box::setAlpha(uint8_t)	16	static
../Middlewares/ST/touchgfx/framework/include/touchgfx/widgets/canvas/AbstractPainter.hpp:50:13:touchgfx::AbstractPainter::~AbstractPainter()	16	static
../Middlewares/ST/touchgfx/framework/include/touchgfx/widgets/canvas/AbstractPainter.hpp:50:13:virtual touchgfx::AbstractPainter::~AbstractPainter()	16	static
../Middlewares/ST/touchgfx/framework/include/touchgfx/widgets/canvas/AbstractPainter.hpp:61:34:virtual touchgfx::HAL::RenderingMethod touchgfx::AbstractPainter::getRenderingMethod() const	16	static
../Middlewares/ST/touchgfx/framework/include/touchgfx/widgets/canvas/AbstractPainter.hpp:78:18:virtual bool touchgfx::AbstractPainter::setup(const touchgfx::Rect&) const	16	static
../Middlewares/ST/touchgfx/framework/include/touchgfx/widgets/canvas/AbstractPainter.hpp:90:18:virtual void touchgfx::AbstractPainter::tearDown() const	16	static
../Middlewares/ST/touchgfx/framework/include/touchgfx/widgets/canvas/AbstractPainterColor.hpp:49:13:touchgfx::AbstractPainterColor::~AbstractPainterColor()	16	static
../Middlewares/ST/touchgfx/framework/include/touchgfx/widgets/canvas/AbstractPainterColor.hpp:49:13:virtual touchgfx::AbstractPainterColor::~AbstractPainterColor()	16	static
../Middlewares/ST/touchgfx/framework/include/touchgfx/widgets/canvas/AbstractPainterColor.hpp:58:18:virtual void touchgfx::AbstractPainterColor::setColor(touchgfx::colortype)	16	static
../Middlewares/ST/touchgfx/framework/include/touchgfx/widgets/canvas/AbstractPainterARGB8888.hpp:34:7:touchgfx::AbstractPainterARGB8888::~AbstractPainterARGB8888()	16	static
../Middlewares/ST/touchgfx/framework/include/touchgfx/widgets/canvas/AbstractPainterARGB8888.hpp:34:7:virtual touchgfx::AbstractPainterARGB8888::~AbstractPainterARGB8888()	16	static
../Middlewares/ST/touchgfx/framework/include/touchgfx/TypedText.hpp:65:13:touchgfx::TypedText::~TypedText()	16	static
../Middlewares/ST/touchgfx/framework/include/touchgfx/TypedText.hpp:65:13:virtual touchgfx::TypedText::~TypedText()	16	static
../Middlewares/ST/touchgfx/framework/include/touchgfx/widgets/TextArea.hpp:48:18:virtual void touchgfx::TextArea::setWidth(int16_t)	40	static
../Middlewares/ST/touchgfx/framework/include/touchgfx/widgets/TextArea.hpp:54:18:virtual void touchgfx::TextArea::setHeight(int16_t)	40	static
../Middlewares/ST/touchgfx/framework/include/touchgfx/widgets/TextArea.hpp:60:18:virtual touchgfx::Rect touchgfx::TextArea::getSolidRect() const	16	static
../Middlewares/ST/touchgfx/framework/include/touchgfx/widgets/TextArea.hpp:89:18:virtual void touchgfx::TextArea::setAlpha(uint8_t)	16	static
../Middlewares/ST/touchgfx/framework/include/touchgfx/widgets/TextArea.hpp:111:18:virtual void touchgfx::TextArea::setBaselineY(int16_t)	40	static
../Middlewares/ST/touchgfx/framework/include/touchgfx/widgets/TextArea.hpp:127:18:virtual void touchgfx::TextArea::setXBaselineY(int16_t, int16_t)	16	static
../Middlewares/ST/touchgfx/framework/include/touchgfx/widgets/TextArea.hpp:246:22:const touchgfx::TypedText& touchgfx::TextArea::getTypedText() const	16	static
../Middlewares/ST/touchgfx/framework/include/touchgfx/widgets/TextArea.hpp:403:41:virtual const UnicodeChar* touchgfx::TextArea::getWildcard2() const	16	static
../Middlewares/ST/touchgfx/framework/include/touchgfx/widgets/TextArea.hpp:429:9:touchgfx::TextArea::BoundingArea::BoundingArea()	24	static
../Middlewares/ST/touchgfx/framework/include/touchgfx/widgets/TextArea.hpp:40:7:touchgfx::TextArea::~TextArea()	16	static
../Middlewares/ST/touchgfx/framework/include/touchgfx/widgets/TextArea.hpp:40:7:virtual touchgfx::TextArea::~TextArea()	16	static
../Middlewares/ST/touchgfx/framework/include/touchgfx/widgets/TextAreaWithWildcard.hpp:46:36:virtual touchgfx::TextArea::BoundingArea touchgfx::TextAreaWithWildcardBase::calculateBoundingArea() const	16	static
../Middlewares/ST/touchgfx/framework/include/touchgfx/widgets/TextAreaWithWildcard.hpp:33:7:touchgfx::TextAreaWithWildcardBase::~TextAreaWithWildcardBase()	16	static
../Middlewares/ST/touchgfx/framework/include/touchgfx/widgets/TextAreaWithWildcard.hpp:33:7:virtual touchgfx::TextAreaWithWildcardBase::~TextAreaWithWildcardBase()	16	static
../Middlewares/ST/touchgfx/framework/include/touchgfx/widgets/TextAreaWithWildcard.hpp:81:41:virtual const UnicodeChar* touchgfx::TextAreaWithOneWildcard::getWildcard1() const	16	static
../Middlewares/ST/touchgfx/framework/include/touchgfx/containers/Container.hpp:40:7:touchgfx::Container::~Container()	16	static
../Middlewares/ST/touchgfx/framework/include/touchgfx/containers/Container.hpp:40:7:virtual touchgfx::Container::~Container()	16	static
../Middlewares/ST/touchgfx/framework/include/touchgfx/containers/buttons/AbstractButtonContainer.hpp:51:10:void touchgfx::AbstractButtonContainer::setPressed(bool)	16	static
../Middlewares/ST/touchgfx/framework/include/touchgfx/containers/buttons/AbstractButtonContainer.hpp:64:10:bool touchgfx::AbstractButtonContainer::getPressed()	16	static
../Middlewares/ST/touchgfx/framework/include/touchgfx/containers/buttons/AbstractButtonContainer.hpp:77:13:uint8_t touchgfx::AbstractButtonContainer::getAlpha() const	16	static
../Middlewares/ST/touchgfx/framework/include/touchgfx/containers/buttons/AbstractButtonContainer.hpp:99:18:virtual void touchgfx::AbstractButtonContainer::executeAction()	16	static
../Middlewares/ST/touchgfx/framework/include/touchgfx/containers/buttons/AbstractButtonContainer.hpp:114:18:virtual void touchgfx::AbstractButtonContainer::handlePressedUpdated()	16	static
../Middlewares/ST/touchgfx/framework/include/touchgfx/containers/buttons/AbstractButtonContainer.hpp:119:18:virtual void touchgfx::AbstractButtonContainer::handleAlphaUpdated()	16	static
../Middlewares/ST/touchgfx/framework/include/touchgfx/widgets/Image.hpp:38:7:touchgfx::Image::~Image()	16	static
../Middlewares/ST/touchgfx/framework/include/touchgfx/widgets/Image.hpp:38:7:virtual touchgfx::Image::~Image()	16	static
../Middlewares/ST/touchgfx/framework/include/touchgfx/widgets/Box.hpp:29:7:touchgfx::Box::~Box()	16	static
../Middlewares/ST/touchgfx/framework/include/touchgfx/widgets/Box.hpp:29:7:virtual touchgfx::Box::~Box()	16	static
../Middlewares/ST/touchgfx/framework/include/touchgfx/widgets/BoxWithBorder.hpp:61:10:void touchgfx::BoxWithBorder::setBorderColor(touchgfx::colortype)	16	static
../Middlewares/ST/touchgfx/framework/include/touchgfx/containers/buttons/ClickButtonTrigger.hpp:47:18:virtual void touchgfx::ClickButtonTrigger::handleClickEvent(const touchgfx::ClickEvent&)	24	static
../Middlewares/ST/touchgfx/framework/include/touchgfx/containers/buttons/AbstractButtonContainer.hpp:34:7:touchgfx::AbstractButtonContainer::~AbstractButtonContainer()	16	static
../Middlewares/ST/touchgfx/framework/include/touchgfx/containers/buttons/AbstractButtonContainer.hpp:34:7:virtual touchgfx::AbstractButtonContainer::~AbstractButtonContainer()	16	static
../Middlewares/ST/touchgfx/framework/include/mvp/View.hpp:36:7:touchgfx::View<MainPresenter>::~View()	16	static
../Middlewares/ST/touchgfx/framework/include/mvp/View.hpp:36:7:virtual touchgfx::View<MainPresenter>::~View()	16	static
../TouchGFX/generated/gui_generated/include/gui_generated/main_screen/MainViewBase.hpp:22:13:MainViewBase::~MainViewBase()	16	static
../TouchGFX/generated/gui_generated/include/gui_generated/main_screen/MainViewBase.hpp:22:13:virtual MainViewBase::~MainViewBase()	16	static
C:/ProlonDev/Projects/T2000/Firmware/Code/Common/Inc/TouchGFX/widgets.hpp:37:7:CWidgets::~CWidgets()	16	static
../TouchGFX/gui/include/gui/main_screen/MainView.hpp:37:13:MainView::~MainView()	16	static
../TouchGFX/gui/include/gui/main_screen/MainView.hpp:37:13:virtual MainView::~MainView()	16	static
../TouchGFX/gui/src/main_screen/MainView.cpp:13:1:MainView::MainView()	24	static
../TouchGFX/gui/src/main_screen/MainView.cpp:48:6:virtual void MainView::setupScreen()	16	static
../TouchGFX/gui/src/main_screen/MainView.cpp:55:6:virtual void MainView::tearDownScreen()	16	static
../TouchGFX/gui/src/main_screen/MainView.cpp:61:6:virtual void MainView::DisplayEnv(ENV_Readings_t*)	80	static
../TouchGFX/gui/src/main_screen/MainView.cpp:120:6:virtual void MainView::function1()	16	static
../TouchGFX/gui/src/main_screen/MainView.cpp:126:6:virtual void MainView::OnSettingsButton()	16	static
c:\st\stm32cubeide_1.11.0\stm32cubeide\plugins\com.st.stm32cube.ide.mcu.externaltools.gnu-tools-for-stm32.10.3-2021.10.win32_1.0.200.202301161003\tools\arm-none-eabi\include\c++\10.3.1\bits\stl_vector.h:678:7:std::vector<_Tp, _Alloc>::~vector() [with _Tp = CWidget*; _Alloc = std::allocator<CWidget*>]	24	static
c:\st\stm32cubeide_1.11.0\stm32cubeide\plugins\com.st.stm32cube.ide.mcu.externaltools.gnu-tools-for-stm32.10.3-2021.10.win32_1.0.200.202301161003\tools\arm-none-eabi\include\c++\10.3.1\bits\stl_vector.h:128:14:std::_Vector_base<CWidget*, std::allocator<CWidget*> >::_Vector_impl::~_Vector_impl()	16	static
c:\st\stm32cubeide_1.11.0\stm32cubeide\plugins\com.st.stm32cube.ide.mcu.externaltools.gnu-tools-for-stm32.10.3-2021.10.win32_1.0.200.202301161003\tools\arm-none-eabi\include\c++\10.3.1\bits\stl_vector.h:333:7:std::_Vector_base<_Tp, _Alloc>::~_Vector_base() [with _Tp = CWidget*; _Alloc = std::allocator<CWidget*>]	16	static
c:\st\stm32cubeide_1.11.0\stm32cubeide\plugins\com.st.stm32cube.ide.mcu.externaltools.gnu-tools-for-stm32.10.3-2021.10.win32_1.0.200.202301161003\tools\arm-none-eabi\include\c++\10.3.1\bits\stl_vector.h:276:7:std::_Vector_base<_Tp, _Alloc>::_Tp_alloc_type& std::_Vector_base<_Tp, _Alloc>::_M_get_Tp_allocator() [with _Tp = CWidget*; _Alloc = std::allocator<CWidget*>]	16	static
c:\st\stm32cubeide_1.11.0\stm32cubeide\plugins\com.st.stm32cube.ide.mcu.externaltools.gnu-tools-for-stm32.10.3-2021.10.win32_1.0.200.202301161003\tools\arm-none-eabi\include\c++\10.3.1\bits\alloc_traits.h:735:5:void std::_Destroy(_ForwardIterator, _ForwardIterator, std::allocator<_T2>&) [with _ForwardIterator = CWidget**; _Tp = CWidget*]	24	static
c:\st\stm32cubeide_1.11.0\stm32cubeide\plugins\com.st.stm32cube.ide.mcu.externaltools.gnu-tools-for-stm32.10.3-2021.10.win32_1.0.200.202301161003\tools\arm-none-eabi\include\c++\10.3.1\bits\allocator.h:182:7:std::allocator< <template-parameter-1-1> >::~allocator() [with _Tp = CWidget*]	16	static
c:\st\stm32cubeide_1.11.0\stm32cubeide\plugins\com.st.stm32cube.ide.mcu.externaltools.gnu-tools-for-stm32.10.3-2021.10.win32_1.0.200.202301161003\tools\arm-none-eabi\include\c++\10.3.1\bits\stl_vector.h:350:7:void std::_Vector_base<_Tp, _Alloc>::_M_deallocate(std::_Vector_base<_Tp, _Alloc>::pointer, std::size_t) [with _Tp = CWidget*; _Alloc = std::allocator<CWidget*>]	24	static
c:\st\stm32cubeide_1.11.0\stm32cubeide\plugins\com.st.stm32cube.ide.mcu.externaltools.gnu-tools-for-stm32.10.3-2021.10.win32_1.0.200.202301161003\tools\arm-none-eabi\include\c++\10.3.1\bits\stl_construct.h:171:5:void std::_Destroy(_ForwardIterator, _ForwardIterator) [with _ForwardIterator = CWidget**]	16	static
c:\st\stm32cubeide_1.11.0\stm32cubeide\plugins\com.st.stm32cube.ide.mcu.externaltools.gnu-tools-for-stm32.10.3-2021.10.win32_1.0.200.202301161003\tools\arm-none-eabi\include\c++\10.3.1\ext\new_allocator.h:89:7:__gnu_cxx::new_allocator<_Tp>::~new_allocator() [with _Tp = CWidget*]	16	static
c:\st\stm32cubeide_1.11.0\stm32cubeide\plugins\com.st.stm32cube.ide.mcu.externaltools.gnu-tools-for-stm32.10.3-2021.10.win32_1.0.200.202301161003\tools\arm-none-eabi\include\c++\10.3.1\bits\alloc_traits.h:491:7:static void std::allocator_traits<std::allocator<_Tp1> >::deallocate(std::allocator_traits<std::allocator<_Tp1> >::allocator_type&, std::allocator_traits<std::allocator<_Tp1> >::pointer, std::allocator_traits<std::allocator<_Tp1> >::size_type) [with _Tp = CWidget*]	24	static
c:\st\stm32cubeide_1.11.0\stm32cubeide\plugins\com.st.stm32cube.ide.mcu.externaltools.gnu-tools-for-stm32.10.3-2021.10.win32_1.0.200.202301161003\tools\arm-none-eabi\include\c++\10.3.1\bits\stl_construct.h:161:9:static void std::_Destroy_aux<true>::__destroy(_ForwardIterator, _ForwardIterator) [with _ForwardIterator = CWidget**]	16	static
c:\st\stm32cubeide_1.11.0\stm32cubeide\plugins\com.st.stm32cube.ide.mcu.externaltools.gnu-tools-for-stm32.10.3-2021.10.win32_1.0.200.202301161003\tools\arm-none-eabi\include\c++\10.3.1\ext\new_allocator.h:126:7:void __gnu_cxx::new_allocator<_Tp>::deallocate(_Tp*, __gnu_cxx::new_allocator<_Tp>::size_type) [with _Tp = CWidget*]	24	static
../Middlewares/ST/touchgfx/framework/include/touchgfx/widgets/TextAreaWithWildcard.hpp:59:7:touchgfx::TextAreaWithOneWildcard::~TextAreaWithOneWildcard()	16	static
../Middlewares/ST/touchgfx/framework/include/touchgfx/widgets/TextAreaWithWildcard.hpp:59:7:virtual touchgfx::TextAreaWithOneWildcard::~TextAreaWithOneWildcard()	16	static
../Middlewares/ST/touchgfx/framework/include/touchgfx/widgets/canvas/CanvasWidget.hpp:33:7:touchgfx::CanvasWidget::~CanvasWidget()	16	static
../Middlewares/ST/touchgfx/framework/include/touchgfx/widgets/canvas/CanvasWidget.hpp:33:7:virtual touchgfx::CanvasWidget::~CanvasWidget()	16	static
../Middlewares/ST/touchgfx/framework/include/touchgfx/widgets/canvas/Line.hpp:50:7:touchgfx::Line::~Line()	16	static
../Middlewares/ST/touchgfx/framework/include/touchgfx/widgets/canvas/Line.hpp:50:7:virtual touchgfx::Line::~Line()	16	static
../Middlewares/ST/touchgfx/framework/include/touchgfx/widgets/canvas/PainterARGB8888.hpp:34:7:touchgfx::PainterARGB8888::~PainterARGB8888()	16	static
../Middlewares/ST/touchgfx/framework/include/touchgfx/widgets/canvas/PainterARGB8888.hpp:34:7:virtual touchgfx::PainterARGB8888::~PainterARGB8888()	16	static
../Middlewares/ST/touchgfx/framework/include/touchgfx/widgets/TextureMapper.hpp:46:7:touchgfx::TextureMapper::~TextureMapper()	16	static
../Middlewares/ST/touchgfx/framework/include/touchgfx/widgets/TextureMapper.hpp:46:7:virtual touchgfx::TextureMapper::~TextureMapper()	16	static
../Middlewares/ST/touchgfx/framework/include/touchgfx/containers/buttons/ClickButtonTrigger.hpp:35:7:touchgfx::ClickButtonTrigger::~ClickButtonTrigger()	16	static
../Middlewares/ST/touchgfx/framework/include/touchgfx/containers/buttons/ClickButtonTrigger.hpp:35:7:virtual touchgfx::ClickButtonTrigger::~ClickButtonTrigger()	16	static
../Middlewares/ST/touchgfx/framework/include/touchgfx/widgets/BoxWithBorder.hpp:31:7:touchgfx::BoxWithBorder::~BoxWithBorder()	16	static
../Middlewares/ST/touchgfx/framework/include/touchgfx/widgets/BoxWithBorder.hpp:31:7:virtual touchgfx::BoxWithBorder::~BoxWithBorder()	16	static
../Middlewares/ST/touchgfx/framework/include/touchgfx/containers/buttons/BoxWithBorderButtonStyle.hpp:41:7:touchgfx::BoxWithBorderButtonStyle<touchgfx::ClickButtonTrigger>::~BoxWithBorderButtonStyle()	16	static
../Middlewares/ST/touchgfx/framework/include/touchgfx/containers/buttons/BoxWithBorderButtonStyle.hpp:41:7:virtual touchgfx::BoxWithBorderButtonStyle<touchgfx::ClickButtonTrigger>::~BoxWithBorderButtonStyle()	16	static
../Middlewares/ST/touchgfx/framework/include/touchgfx/Callback.hpp:357:8:touchgfx::Callback<MainViewBase, const touchgfx::AbstractButtonContainer&>::~Callback()	16	static
../Middlewares/ST/touchgfx/framework/include/touchgfx/Callback.hpp:357:8:virtual touchgfx::Callback<MainViewBase, const touchgfx::AbstractButtonContainer&>::~Callback()	16	static
../Middlewares/ST/touchgfx/framework/include/touchgfx/Callback.hpp:138:13:touchgfx::GenericCallback<T1, void, void>::~GenericCallback() [with T1 = const touchgfx::AbstractButtonContainer&]	16	static
../Middlewares/ST/touchgfx/framework/include/touchgfx/Callback.hpp:138:13:touchgfx::GenericCallback<T1, void, void>::~GenericCallback() [with T1 = const touchgfx::AbstractButtonContainer&]	16	static
../Middlewares/ST/touchgfx/framework/include/touchgfx/Callback.hpp:386:18:void touchgfx::Callback<dest_type, T1, void, void>::execute(T1) [with dest_type = MainViewBase; T1 = const touchgfx::AbstractButtonContainer&]	16	static
../Middlewares/ST/touchgfx/framework/include/touchgfx/Callback.hpp:396:18:bool touchgfx::Callback<dest_type, T1, void, void>::isValid() const [with dest_type = MainViewBase; T1 = const touchgfx::AbstractButtonContainer&]	16	static
../Middlewares/ST/touchgfx/framework/include/touchgfx/containers/buttons/BoxWithBorderButtonStyle.hpp:123:18:void touchgfx::BoxWithBorderButtonStyle<T>::handlePressedUpdated() [with T = touchgfx::ClickButtonTrigger]	24	static
../Middlewares/ST/touchgfx/framework/include/touchgfx/containers/buttons/BoxWithBorderButtonStyle.hpp:131:18:void touchgfx::BoxWithBorderButtonStyle<T>::handleAlphaUpdated() [with T = touchgfx::ClickButtonTrigger]	24	static
