../Middlewares/ST/touchgfx/framework/include/touchgfx/Drawable.hpp:198:17:const touchgfx::Rect& touchgfx::Drawable::getRect() const	16	static
../Middlewares/ST/touchgfx/framework/include/touchgfx/Drawable.hpp:233:10:void touchgfx::Drawable::setPosition(int16_t, int16_t, int16_t, int16_t)	24	static
../Middlewares/ST/touchgfx/framework/include/touchgfx/Drawable.hpp:343:10:void touchgfx::Drawable::setXY(int16_t, int16_t)	16	static
../Middlewares/ST/touchgfx/framework/include/touchgfx/Drawable.hpp:413:10:void touchgfx::Drawable::setWidthHeight(int16_t, int16_t)	16	static
C:/ProlonDev/Projects/T2000/Firmware/Code/Common/Inc/TouchGFX/widget.hpp:92:7:void CRect::operator=(const touchgfx::Rect&)	16	static
C:/ProlonDev/Projects/T2000/Firmware/Code/Common/Src/TouchGFX/image.cpp:30:1:CImage::CImage(touchgfx::TextureMapper&)	16	static
C:/ProlonDev/Projects/T2000/Firmware/Code/Common/Src/TouchGFX/image.cpp:40:6:virtual void CImage::placeOnScreen()	16	static
C:/ProlonDev/Projects/T2000/Firmware/Code/Common/Src/TouchGFX/image.cpp:73:6:virtual void CImage::getPosition(CRect&)	16	static
C:/ProlonDev/Projects/T2000/Firmware/Code/Common/Src/TouchGFX/image.cpp:79:6:virtual void CImage::setPosition(CRect&)	32	static
