../Core/Src/main.c:68:5:main	528	static
../Core/Src/main.c:157:6:SystemClock_Config	120	static
../Core/Src/main.c:216:13:MX_I2C2_Init	8	static
../Core/Src/main.c:264:13:MX_GPIO_Init	48	static
../Core/Src/main.c:345:5:Init	8	static,ignoring_inline_asm
../Core/Src/main.c:354:5:Write	24	static
../Core/Src/main.c:362:5:Read	24	static
../Core/Src/main.c:384:5:SectorErase	16	static
../Core/Src/main.c:389:5:MassErase	4	static
../Core/Src/main.c:394:10:CheckSum	24	static
../Core/Src/main.c:399:10:Verify	24	static
../Core/Src/main.c:409:6:Error_Handler	4	static,ignoring_inline_asm
