../Core/Src/main.c:216:13:MX_I2C2_Init	8	static,ignoring_inline_asm
../Core/Src/main.c:157:6:SystemClock_Config	120	static,ignoring_inline_asm
../Core/Src/main.c:68:5:main	552	static
../Core/Src/main.c:345:5:Init	8	static,ignoring_inline_asm
../Core/Src/main.c:354:5:Write	8	static
../Core/Src/main.c:362:5:Read	8	static
../Core/Src/main.c:384:5:SectorErase	0	static
../Core/Src/main.c:389:5:MassErase	0	static
../Core/Src/main.c:394:10:CheckSum	0	static
../Core/Src/main.c:399:10:Verify	0	static
../Core/Src/main.c:409:6:Error_Handler	0	static,ignoring_inline_asm
