Archive member included to satisfy reference by file (symbol)

c:/st/stm32cubeide_1.11.0/stm32cubeide/plugins/com.st.stm32cube.ide.mcu.externaltools.gnu-tools-for-stm32.10.3-2021.10.win32_1.0.200.202301161003/tools/bin/../lib/gcc/arm-none-eabi/10.3.1/../../../../arm-none-eabi/lib/thumb/v7e-m+dp/hard\libc_nano.a(lib_a-errno.o)
                              ./Core/Src/syscalls.o (__errno)
c:/st/stm32cubeide_1.11.0/stm32cubeide/plugins/com.st.stm32cube.ide.mcu.externaltools.gnu-tools-for-stm32.10.3-2021.10.win32_1.0.200.202301161003/tools/bin/../lib/gcc/arm-none-eabi/10.3.1/../../../../arm-none-eabi/lib/thumb/v7e-m+dp/hard\libc_nano.a(lib_a-exit.o)
                              c:/st/stm32cubeide_1.11.0/stm32cubeide/plugins/com.st.stm32cube.ide.mcu.externaltools.gnu-tools-for-stm32.10.3-2021.10.win32_1.0.200.202301161003/tools/bin/../lib/gcc/arm-none-eabi/10.3.1/../../../../arm-none-eabi/lib/thumb/v7e-m+dp/hard/crt0.o (exit)
c:/st/stm32cubeide_1.11.0/stm32cubeide/plugins/com.st.stm32cube.ide.mcu.externaltools.gnu-tools-for-stm32.10.3-2021.10.win32_1.0.200.202301161003/tools/bin/../lib/gcc/arm-none-eabi/10.3.1/../../../../arm-none-eabi/lib/thumb/v7e-m+dp/hard\libc_nano.a(lib_a-impure.o)
                              c:/st/stm32cubeide_1.11.0/stm32cubeide/plugins/com.st.stm32cube.ide.mcu.externaltools.gnu-tools-for-stm32.10.3-2021.10.win32_1.0.200.202301161003/tools/bin/../lib/gcc/arm-none-eabi/10.3.1/../../../../arm-none-eabi/lib/thumb/v7e-m+dp/hard\libc_nano.a(lib_a-exit.o) (_global_impure_ptr)
c:/st/stm32cubeide_1.11.0/stm32cubeide/plugins/com.st.stm32cube.ide.mcu.externaltools.gnu-tools-for-stm32.10.3-2021.10.win32_1.0.200.202301161003/tools/bin/../lib/gcc/arm-none-eabi/10.3.1/../../../../arm-none-eabi/lib/thumb/v7e-m+dp/hard\libc_nano.a(lib_a-init.o)
                              c:/st/stm32cubeide_1.11.0/stm32cubeide/plugins/com.st.stm32cube.ide.mcu.externaltools.gnu-tools-for-stm32.10.3-2021.10.win32_1.0.200.202301161003/tools/bin/../lib/gcc/arm-none-eabi/10.3.1/../../../../arm-none-eabi/lib/thumb/v7e-m+dp/hard/crt0.o (__libc_init_array)
c:/st/stm32cubeide_1.11.0/stm32cubeide/plugins/com.st.stm32cube.ide.mcu.externaltools.gnu-tools-for-stm32.10.3-2021.10.win32_1.0.200.202301161003/tools/bin/../lib/gcc/arm-none-eabi/10.3.1/../../../../arm-none-eabi/lib/thumb/v7e-m+dp/hard\libc_nano.a(lib_a-memset.o)
                              c:/st/stm32cubeide_1.11.0/stm32cubeide/plugins/com.st.stm32cube.ide.mcu.externaltools.gnu-tools-for-stm32.10.3-2021.10.win32_1.0.200.202301161003/tools/bin/../lib/gcc/arm-none-eabi/10.3.1/../../../../arm-none-eabi/lib/thumb/v7e-m+dp/hard/crt0.o (memset)

Discarded input sections

 .text          0x0000000000000000        0x0 c:/st/stm32cubeide_1.11.0/stm32cubeide/plugins/com.st.stm32cube.ide.mcu.externaltools.gnu-tools-for-stm32.10.3-2021.10.win32_1.0.200.202301161003/tools/bin/../lib/gcc/arm-none-eabi/10.3.1/thumb/v7e-m+dp/hard/crti.o
 .data          0x0000000000000000        0x0 c:/st/stm32cubeide_1.11.0/stm32cubeide/plugins/com.st.stm32cube.ide.mcu.externaltools.gnu-tools-for-stm32.10.3-2021.10.win32_1.0.200.202301161003/tools/bin/../lib/gcc/arm-none-eabi/10.3.1/thumb/v7e-m+dp/hard/crti.o
 .bss           0x0000000000000000        0x0 c:/st/stm32cubeide_1.11.0/stm32cubeide/plugins/com.st.stm32cube.ide.mcu.externaltools.gnu-tools-for-stm32.10.3-2021.10.win32_1.0.200.202301161003/tools/bin/../lib/gcc/arm-none-eabi/10.3.1/thumb/v7e-m+dp/hard/crti.o
 .data          0x0000000000000000        0x4 c:/st/stm32cubeide_1.11.0/stm32cubeide/plugins/com.st.stm32cube.ide.mcu.externaltools.gnu-tools-for-stm32.10.3-2021.10.win32_1.0.200.202301161003/tools/bin/../lib/gcc/arm-none-eabi/10.3.1/thumb/v7e-m+dp/hard/crtbegin.o
 .rodata        0x0000000000000000       0x24 c:/st/stm32cubeide_1.11.0/stm32cubeide/plugins/com.st.stm32cube.ide.mcu.externaltools.gnu-tools-for-stm32.10.3-2021.10.win32_1.0.200.202301161003/tools/bin/../lib/gcc/arm-none-eabi/10.3.1/thumb/v7e-m+dp/hard/crtbegin.o
 .text          0x0000000000000000       0x7c c:/st/stm32cubeide_1.11.0/stm32cubeide/plugins/com.st.stm32cube.ide.mcu.externaltools.gnu-tools-for-stm32.10.3-2021.10.win32_1.0.200.202301161003/tools/bin/../lib/gcc/arm-none-eabi/10.3.1/../../../../arm-none-eabi/lib/thumb/v7e-m+dp/hard/crt0.o
 .data          0x0000000000000000        0x0 c:/st/stm32cubeide_1.11.0/stm32cubeide/plugins/com.st.stm32cube.ide.mcu.externaltools.gnu-tools-for-stm32.10.3-2021.10.win32_1.0.200.202301161003/tools/bin/../lib/gcc/arm-none-eabi/10.3.1/../../../../arm-none-eabi/lib/thumb/v7e-m+dp/hard/crt0.o
 .bss           0x0000000000000000        0x0 c:/st/stm32cubeide_1.11.0/stm32cubeide/plugins/com.st.stm32cube.ide.mcu.externaltools.gnu-tools-for-stm32.10.3-2021.10.win32_1.0.200.202301161003/tools/bin/../lib/gcc/arm-none-eabi/10.3.1/../../../../arm-none-eabi/lib/thumb/v7e-m+dp/hard/crt0.o
[...]
Memory Configuration

Name             Origin             Length             Attributes
RAM_D1           0x0000000024000000 0x0000000000009000 xrw
*default*        0x0000000000000000 0xffffffffffffffff

Linker script and memory map

LOAD c:/st/stm32cubeide_1.11.0/stm32cubeide/plugins/com.st.stm32cube.ide.mcu.externaltools.gnu-tools-for-stm32.10.3-2021.10.win32_1.0.200.202301161003/tools/bin/../lib/gcc/arm-none-eabi/10.3.1/thumb/v7e-m+dp/hard/crti.o
LOAD c:/st/stm32cubeide_1.11.0/stm32cubeide/plugins/com.st.stm32cube.ide.mcu.externaltools.gnu-tools-for-stm32.10.3-2021.10.win32_1.0.200.202301161003/tools/bin/../lib/gcc/arm-none-eabi/10.3.1/thumb/v7e-m+dp/hard/crtbegin.o
LOAD c:/st/stm32cubeide_1.11.0/stm32cubeide/plugins/com.st.stm32cube.ide.mcu.externaltools.gnu-tools-for-stm32.10.3-2021.10.win32_1.0.200.202301161003/tools/bin/../lib/gcc/arm-none-eabi/10.3.1/../../../../arm-none-eabi/lib/thumb/v7e-m+dp/hard/crt0.o
LOAD ./Core/Src/Dev_Inf.o
LOAD ./Core/Src/Loader_Src.o
LOAD ./Core/Src/e2.o
LOAD ./Core/Src/main.o
LOAD ./Core/Src/stm32h7xx_hal_msp.o
LOAD ./Core/Src/stm32h7xx_it.o
LOAD ./Core/Src/syscalls.o
LOAD ./Core/Src/sysmem.o
LOAD ./Core/Src/system_stm32h7xx.o
LOAD ./Core/Startup/startup_stm32h735igkx.o
LOAD ./Drivers/STM32H7xx_HAL_Driver/Src/stm32h7xx_hal.o
LOAD ./Drivers/STM32H7xx_HAL_Driver/Src/stm32h7xx_hal_cortex.o
LOAD ./Drivers/STM32H7xx_HAL_Driver/Src/stm32h7xx_hal_dma.o
LOAD ./Drivers/STM32H7xx_HAL_Driver/Src/stm32h7xx_hal_dma_ex.o
LOAD ./Drivers/STM32H7xx_HAL_Driver/Src/stm32h7xx_hal_exti.o
LOAD ./Drivers/STM32H7xx_HAL_Driver/Src/stm32h7xx_hal_flash.o
LOAD ./Drivers/STM32H7xx_HAL_Driver/Src/stm32h7xx_hal_flash_ex.o
LOAD ./Drivers/STM32H7xx_HAL_Driver/Src/stm32h7xx_hal_gpio.o
LOAD ./Drivers/STM32H7xx_HAL_Driver/Src/stm32h7xx_hal_hsem.o
LOAD ./Drivers/STM32H7xx_HAL_Driver/Src/stm32h7xx_hal_i2c.o
LOAD ./Drivers/STM32H7xx_HAL_Driver/Src/stm32h7xx_hal_i2c_ex.o
LOAD ./Drivers/STM32H7xx_HAL_Driver/Src/stm32h7xx_hal_mdma.o
LOAD ./Drivers/STM32H7xx_HAL_Driver/Src/stm32h7xx_hal_pwr.o
LOAD ./Drivers/STM32H7xx_HAL_Driver/Src/stm32h7xx_hal_pwr_ex.o
LOAD ./Drivers/STM32H7xx_HAL_Driver/Src/stm32h7xx_hal_rcc.o
LOAD ./Drivers/STM32H7xx_HAL_Driver/Src/stm32h7xx_hal_rcc_ex.o
LOAD ./Drivers/STM32H7xx_HAL_Driver/Src/stm32h7xx_hal_tim.o
LOAD ./Drivers/STM32H7xx_HAL_Driver/Src/stm32h7xx_hal_tim_ex.o
START GROUP
LOAD c:/st/stm32cubeide_1.11.0/stm32cubeide/plugins/com.st.stm32cube.ide.mcu.externaltools.gnu-tools-for-stm32.10.3-2021.10.win32_1.0.200.202301161003/tools/bin/../lib/gcc/arm-none-eabi/10.3.1/../../../../arm-none-eabi/lib/thumb/v7e-m+dp/hard\libc_nano.a
LOAD c:/st/stm32cubeide_1.11.0/stm32cubeide/plugins/com.st.stm32cube.ide.mcu.externaltools.gnu-tools-for-stm32.10.3-2021.10.win32_1.0.200.202301161003/tools/bin/../lib/gcc/arm-none-eabi/10.3.1/../../../../arm-none-eabi/lib/thumb/v7e-m+dp/hard\libm.a
END GROUP
START GROUP
LOAD c:/st/stm32cubeide_1.11.0/stm32cubeide/plugins/com.st.stm32cube.ide.mcu.externaltools.gnu-tools-for-stm32.10.3-2021.10.win32_1.0.200.202301161003/tools/bin/../lib/gcc/arm-none-eabi/10.3.1/thumb/v7e-m+dp/hard\libgcc.a
LOAD c:/st/stm32cubeide_1.11.0/stm32cubeide/plugins/com.st.stm32cube.ide.mcu.externaltools.gnu-tools-for-stm32.10.3-2021.10.win32_1.0.200.202301161003/tools/bin/../lib/gcc/arm-none-eabi/10.3.1/../../../../arm-none-eabi/lib/thumb/v7e-m+dp/hard\libc_nano.a
END GROUP
START GROUP
LOAD c:/st/stm32cubeide_1.11.0/stm32cubeide/plugins/com.st.stm32cube.ide.mcu.externaltools.gnu-tools-for-stm32.10.3-2021.10.win32_1.0.200.202301161003/tools/bin/../lib/gcc/arm-none-eabi/10.3.1/thumb/v7e-m+dp/hard\libgcc.a
LOAD c:/st/stm32cubeide_1.11.0/stm32cubeide/plugins/com.st.stm32cube.ide.mcu.externaltools.gnu-tools-for-stm32.10.3-2021.10.win32_1.0.200.202301161003/tools/bin/../lib/gcc/arm-none-eabi/10.3.1/../../../../arm-none-eabi/lib/thumb/v7e-m+dp/hard\libc_nano.a
LOAD c:/st/stm32cubeide_1.11.0/stm32cubeide/plugins/com.st.stm32cube.ide.mcu.externaltools.gnu-tools-for-stm32.10.3-2021.10.win32_1.0.200.202301161003/tools/bin/../lib/gcc/arm-none-eabi/10.3.1/../../../../arm-none-eabi/lib/thumb/v7e-m+dp/hard\libnosys.a
END GROUP
START GROUP
LOAD c:/st/stm32cubeide_1.11.0/stm32cubeide/plugins/com.st.stm32cube.ide.mcu.externaltools.gnu-tools-for-stm32.10.3-2021.10.win32_1.0.200.202301161003/tools/bin/../lib/gcc/arm-none-eabi/10.3.1/thumb/v7e-m+dp/hard\libgcc.a
LOAD c:/st/stm32cubeide_1.11.0/stm32cubeide/plugins/com.st.stm32cube.ide.mcu.externaltools.gnu-tools-for-stm32.10.3-2021.10.win32_1.0.200.202301161003/tools/bin/../lib/gcc/arm-none-eabi/10.3.1/../../../../arm-none-eabi/lib/thumb/v7e-m+dp/hard\libc_nano.a
LOAD c:/st/stm32cubeide_1.11.0/stm32cubeide/plugins/com.st.stm32cube.ide.mcu.externaltools.gnu-tools-for-stm32.10.3-2021.10.win32_1.0.200.202301161003/tools/bin/../lib/gcc/arm-none-eabi/10.3.1/../../../../arm-none-eabi/lib/thumb/v7e-m+dp/hard\libnosys.a
END GROUP
LOAD c:/st/stm32cubeide_1.11.0/stm32cubeide/plugins/com.st.stm32cube.ide.mcu.externaltools.gnu-tools-for-stm32.10.3-2021.10.win32_1.0.200.202301161003/tools/bin/../lib/gcc/arm-none-eabi/10.3.1/thumb/v7e-m+dp/hard/crtend.o
LOAD c:/st/stm32cubeide_1.11.0/stm32cubeide/plugins/com.st.stm32cube.ide.mcu.externaltools.gnu-tools-for-stm32.10.3-2021.10.win32_1.0.200.202301161003/tools/bin/../lib/gcc/arm-none-eabi/10.3.1/thumb/v7e-m+dp/hard/crtn.o
                0x0000000024009000                _estack = (ORIGIN (RAM_D1) + LENGTH (RAM_D1))
                0x0000000000000200                _Min_Heap_Size = 0x200
                0x0000000000000400                _Min_Stack_Size = 0x400

.isr_vector     0x0000000024000000      0x2cc
                0x0000000024000000                . = ALIGN (0x4)
 *(.isr_vector)
 .isr_vector    0x0000000024000000      0x2cc ./Core/Startup/startup_stm32h735igkx.o
                0x0000000024000000                g_pfnVectors
                0x00000000240002cc                . = ALIGN (0x4)

.ARM.extab
 *(.ARM.extab* .gnu.linkonce.armextab.*)

.ARM            0x00000000240002cc        0x0
                0x00000000240002cc                __exidx_start = .
 *(.ARM.exidx*)
                0x00000000240002cc                __exidx_end = .

.preinit_array  0x00000000240002cc        0x0
                0x00000000240002cc                PROVIDE (__preinit_array_start = .)
 *(.preinit_array*)
                0x00000000240002cc                PROVIDE (__preinit_array_end = .)

.init_array     0x00000000240002cc        0x4
                0x00000000240002cc                PROVIDE (__init_array_start = .)
 *(SORT_BY_NAME(.init_array.*))
 *(.init_array*)
 .init_array    0x00000000240002cc        0x4 c:/st/stm32cubeide_1.11.0/stm32cubeide/plugins/com.st.stm32cube.ide.mcu.externaltools.gnu-tools-for-stm32.10.3-2021.10.win32_1.0.200.202301161003/tools/bin/../lib/gcc/arm-none-eabi/10.3.1/thumb/v7e-m+dp/hard/crtbegin.o
                0x00000000240002d0                PROVIDE (__init_array_end = .)

.fini_array     0x00000000240002d0        0x4
                [!provide]                        PROVIDE (__fini_array_start = .)
 *(SORT_BY_NAME(.fini_array.*))
 *(.fini_array*)
 .fini_array    0x00000000240002d0        0x4 c:/st/stm32cubeide_1.11.0/stm32cubeide/plugins/com.st.stm32cube.ide.mcu.externaltools.gnu-tools-for-stm32.10.3-2021.10.win32_1.0.200.202301161003/tools/bin/../lib/gcc/arm-none-eabi/10.3.1/thumb/v7e-m+dp/hard/crtbegin.o
                [!provide]                        PROVIDE (__fini_array_end = .)
                0x00000000240002d4                _sidata = LOADADDR (.data)

.data           0x00000000240002d4       0x10
                0x00000000240002d4                . = ALIGN (0x4)
                0x00000000240002d4                _sdata = .
 *(.data)
 *(.data*)
 .data.SystemCoreClock
                0x00000000240002d4        0x4 ./Core/Src/system_stm32h7xx.o
                0x00000000240002d4                SystemCoreClock
 .data.SystemD2Clock
                0x00000000240002d8        0x4 ./Core/Src/system_stm32h7xx.o
                0x00000000240002d8                SystemD2Clock
 .data.uwTickPrio
                0x00000000240002dc        0x4 ./Drivers/STM32H7xx_HAL_Driver/Src/stm32h7xx_hal.o
                0x00000000240002dc                uwTickPrio
 .data.uwTickFreq
                0x00000000240002e0        0x1 ./Drivers/STM32H7xx_HAL_Driver/Src/stm32h7xx_hal.o
                0x00000000240002e0                uwTickFreq
                0x00000000240002e4                . = ALIGN (0x4)
 *fill*         0x00000000240002e1        0x3 
                0x00000000240002e4                _edata = .

.igot.plt       0x00000000240002e4        0x0
 .igot.plt      0x00000000240002e4        0x0 c:/st/stm32cubeide_1.11.0/stm32cubeide/plugins/com.st.stm32cube.ide.mcu.externaltools.gnu-tools-for-stm32.10.3-2021.10.win32_1.0.200.202301161003/tools/bin/../lib/gcc/arm-none-eabi/10.3.1/thumb/v7e-m+dp/hard/crtbegin.o
                0x00000000240002e4                . = ALIGN (0x4)

.bss            0x00000000240002e4       0x74
                0x00000000240002e4                _sbss = .
                0x00000000240002e4                __bss_start__ = _sbss
 *(.bss)
 .bss           0x00000000240002e4       0x1c c:/st/stm32cubeide_1.11.0/stm32cubeide/plugins/com.st.stm32cube.ide.mcu.externaltools.gnu-tools-for-stm32.10.3-2021.10.win32_1.0.200.202301161003/tools/bin/../lib/gcc/arm-none-eabi/10.3.1/thumb/v7e-m+dp/hard/crtbegin.o
 *(.bss*)
 .bss.hi2c2     0x0000000024000300       0x54 ./Core/Src/main.o
                0x0000000024000300                hi2c2
 .bss.uwTick    0x0000000024000354        0x4 ./Drivers/STM32H7xx_HAL_Driver/Src/stm32h7xx_hal.o
                0x0000000024000354                uwTick
 *(COMMON)
                0x0000000024000358                . = ALIGN (0x4)
                0x0000000024000358                _ebss = .
                0x0000000024000358                __bss_end__ = _ebss

.text           0x0000000024000358     0x4274
                0x0000000024000358                . = ALIGN (0x4)
 *(.text)
 .text          0x0000000024000358       0x40 c:/st/stm32cubeide_1.11.0/stm32cubeide/plugins/com.st.stm32cube.ide.mcu.externaltools.gnu-tools-for-stm32.10.3-2021.10.win32_1.0.200.202301161003/tools/bin/../lib/gcc/arm-none-eabi/10.3.1/thumb/v7e-m+dp/hard/crtbegin.o
 .text          0x0000000024000398        0x0 ./Core/Src/Loader_Src.o
 .text          0x0000000024000398        0x0 ./Core/Src/e2.o
 .text          0x0000000024000398        0x0 ./Core/Src/main.o
 *(.text*)
 .text.E2_Read  0x0000000024000398       0x8c ./Core/Src/e2.o
                0x0000000024000398                E2_Read
 .text.E2_Write
                0x0000000024000424      0x160 ./Core/Src/e2.o
                0x0000000024000424                E2_Write
 .text.main     0x0000000024000584       0x76 ./Core/Src/main.o
                0x0000000024000584                main
 *fill*         0x00000000240005fa        0x2 
 .text.SystemClock_Config
                0x00000000240005fc       0xe0 ./Core/Src/main.o
                0x00000000240005fc                SystemClock_Config
 .text.MX_I2C2_Init
                0x00000000240006dc       0x80 ./Core/Src/main.o
 .text.MX_GPIO_Init
                0x000000002400075c       0xe4 ./Core/Src/main.o
 .text.Init     0x0000000024000840       0x16 ./Core/Src/main.o
                0x0000000024000840                Init
 *fill*         0x0000000024000856        0x2 
 .text.Write    0x0000000024000858       0x40 ./Core/Src/main.o
                0x0000000024000858                Write
 .text.Read     0x0000000024000898       0x40 ./Core/Src/main.o
                0x0000000024000898                Read
 .text.SectorErase
                0x00000000240008d8       0x18 ./Core/Src/main.o
                0x00000000240008d8                SectorErase
 .text.MassErase
                0x00000000240008f0       0x10 ./Core/Src/main.o
                0x00000000240008f0                MassErase
 .text.CheckSum
                0x0000000024000900       0x1a ./Core/Src/main.o
                0x0000000024000900                CheckSum
 .text.Verify   0x000000002400091a       0x24 ./Core/Src/main.o
                0x000000002400091a                Verify
 .text.Error_Handler
                0x000000002400093e        0xa ./Core/Src/main.o
                0x000000002400093e                Error_Handler
 .text.HAL_MspInit
                0x0000000024000948       0x34 ./Core/Src/stm32h7xx_hal_msp.o
                0x0000000024000948                HAL_MspInit
 .text.HAL_I2C_MspInit
                0x000000002400097c       0xd4 ./Core/Src/stm32h7xx_hal_msp.o
                0x000000002400097c                HAL_I2C_MspInit
 .text.NMI_Handler
                0x0000000024000a50        0x6 ./Core/Src/stm32h7xx_it.o
                0x0000000024000a50                NMI_Handler
 .text.HardFault_Handler
                0x0000000024000a56        0x6 ./Core/Src/stm32h7xx_it.o
                0x0000000024000a56                HardFault_Handler
 .text.MemManage_Handler
                0x0000000024000a5c        0x6 ./Core/Src/stm32h7xx_it.o
                0x0000000024000a5c                MemManage_Handler
 .text.BusFault_Handler
                0x0000000024000a62        0x6 ./Core/Src/stm32h7xx_it.o
                0x0000000024000a62                BusFault_Handler
 .text.UsageFault_Handler
                0x0000000024000a68        0x6 ./Core/Src/stm32h7xx_it.o
                0x0000000024000a68                UsageFault_Handler
 .text.SVC_Handler
                0x0000000024000a6e        0xe ./Core/Src/stm32h7xx_it.o
                0x0000000024000a6e                SVC_Handler
 .text.DebugMon_Handler
                0x0000000024000a7c        0xe ./Core/Src/stm32h7xx_it.o
                0x0000000024000a7c                DebugMon_Handler
 .text.PendSV_Handler
                0x0000000024000a8a        0xe ./Core/Src/stm32h7xx_it.o
                0x0000000024000a8a                PendSV_Handler
 .text.SysTick_Handler
                0x0000000024000a98        0xc ./Core/Src/stm32h7xx_it.o
                0x0000000024000a98                SysTick_Handler
 .text.SystemInit
                0x0000000024000aa4       0xf8 ./Core/Src/system_stm32h7xx.o
                0x0000000024000aa4                SystemInit
 .text.Reset_Handler
                0x0000000024000b9c       0x50 ./Core/Startup/startup_stm32h735igkx.o
                0x0000000024000b9c                Reset_Handler
 .text.Default_Handler
                0x0000000024000bec        0x2 ./Core/Startup/startup_stm32h735igkx.o
                0x0000000024000bec                RTC_Alarm_IRQHandler
                0x0000000024000bec                HASH_RNG_IRQHandler
                0x0000000024000bec                EXTI2_IRQHandler
                0x0000000024000bec                TIM8_CC_IRQHandler
                0x0000000024000bec                UART8_IRQHandler
                0x0000000024000bec                SPI4_IRQHandler
                0x0000000024000bec                FDCAN3_IT0_IRQHandler
                0x0000000024000bec                TIM1_CC_IRQHandler
                0x0000000024000bec                BDMA_Channel6_IRQHandler
                0x0000000024000bec                DMA2_Stream5_IRQHandler
                0x0000000024000bec                DMA1_Stream5_IRQHandler
                0x0000000024000bec                CORDIC_IRQHandler
                0x0000000024000bec                BDMA_Channel1_IRQHandler
                0x0000000024000bec                TAMP_STAMP_IRQHandler
                0x0000000024000bec                EXTI3_IRQHandler
                0x0000000024000bec                LPTIM4_IRQHandler
                0x0000000024000bec                TIM8_TRG_COM_TIM14_IRQHandler
                0x0000000024000bec                LPTIM2_IRQHandler
                0x0000000024000bec                DFSDM1_FLT1_IRQHandler
                0x0000000024000bec                DMAMUX2_OVR_IRQHandler
                0x0000000024000bec                TIM8_UP_TIM13_IRQHandler
                0x0000000024000bec                I2C3_ER_IRQHandler
                0x0000000024000bec                DFSDM1_FLT2_IRQHandler
                0x0000000024000bec                I2C5_EV_IRQHandler
                0x0000000024000bec                USART10_IRQHandler
                0x0000000024000bec                MDMA_IRQHandler
                0x0000000024000bec                LPTIM3_IRQHandler
                0x0000000024000bec                HSEM1_IRQHandler
                0x0000000024000bec                EXTI0_IRQHandler
                0x0000000024000bec                I2C2_EV_IRQHandler
                0x0000000024000bec                DMA1_Stream2_IRQHandler
                0x0000000024000bec                FPU_IRQHandler
                0x0000000024000bec                OTG_HS_WKUP_IRQHandler
                0x0000000024000bec                FDCAN1_IT1_IRQHandler
                0x0000000024000bec                LTDC_ER_IRQHandler
                0x0000000024000bec                DMA2_Stream2_IRQHandler
                0x0000000024000bec                SPI1_IRQHandler
                0x0000000024000bec                OCTOSPI1_IRQHandler
                0x0000000024000bec                TIM6_DAC_IRQHandler
                0x0000000024000bec                DMA2_Stream3_IRQHandler
                0x0000000024000bec                OCTOSPI2_IRQHandler
                0x0000000024000bec                DFSDM1_FLT3_IRQHandler
                0x0000000024000bec                TIM23_IRQHandler
                0x0000000024000bec                USART6_IRQHandler
                0x0000000024000bec                TIM17_IRQHandler
                0x0000000024000bec                USART3_IRQHandler
                0x0000000024000bec                BDMA_Channel7_IRQHandler
                0x0000000024000bec                CRYP_IRQHandler
                0x0000000024000bec                LPTIM5_IRQHandler
                0x0000000024000bec                UART5_IRQHandler
                0x0000000024000bec                ADC3_IRQHandler
                0x0000000024000bec                DMA2_Stream0_IRQHandler
                0x0000000024000bec                TIM4_IRQHandler
                0x0000000024000bec                BDMA_Channel2_IRQHandler
                0x0000000024000bec                I2C1_EV_IRQHandler
                0x0000000024000bec                DMA1_Stream6_IRQHandler
                0x0000000024000bec                DMAMUX1_OVR_IRQHandler
                0x0000000024000bec                DMA1_Stream1_IRQHandler
                0x0000000024000bec                TIM16_IRQHandler
                0x0000000024000bec                UART4_IRQHandler
                0x0000000024000bec                BDMA_Channel5_IRQHandler
                0x0000000024000bec                TIM3_IRQHandler
                0x0000000024000bec                RCC_IRQHandler
                0x0000000024000bec                UART9_IRQHandler
                0x0000000024000bec                TIM8_BRK_TIM12_IRQHandler
                0x0000000024000bec                TIM1_TRG_COM_IRQHandler
                0x0000000024000bec                Default_Handler
                0x0000000024000bec                ECC_IRQHandler
                0x0000000024000bec                FMAC_IRQHandler
                0x0000000024000bec                CEC_IRQHandler
                0x0000000024000bec                EXTI15_10_IRQHandler
                0x0000000024000bec                BDMA_Channel0_IRQHandler
                0x0000000024000bec                ADC_IRQHandler
                0x0000000024000bec                I2C5_ER_IRQHandler
                0x0000000024000bec                OTFDEC1_IRQHandler
                0x0000000024000bec                DMA1_Stream7_IRQHandler
                0x0000000024000bec                SPI5_IRQHandler
                0x0000000024000bec                TIM7_IRQHandler
                0x0000000024000bec                FDCAN3_IT1_IRQHandler
                0x0000000024000bec                SDMMC1_IRQHandler
                0x0000000024000bec                TIM5_IRQHandler
                0x0000000024000bec                DMA2_Stream7_IRQHandler
                0x0000000024000bec                TIM15_IRQHandler
                0x0000000024000bec                PVD_AVD_IRQHandler
                0x0000000024000bec                I2C3_EV_IRQHandler
                0x0000000024000bec                EXTI9_5_IRQHandler
                0x0000000024000bec                RTC_WKUP_IRQHandler
                0x0000000024000bec                LTDC_IRQHandler
                0x0000000024000bec                ETH_WKUP_IRQHandler
                0x0000000024000bec                SPDIF_RX_IRQHandler
                0x0000000024000bec                SPI2_IRQHandler
                0x0000000024000bec                OTG_HS_EP1_IN_IRQHandler
                0x0000000024000bec                DMA1_Stream0_IRQHandler
                0x0000000024000bec                OTFDEC2_IRQHandler
                0x0000000024000bec                TIM24_IRQHandler
                0x0000000024000bec                CRS_IRQHandler
                0x0000000024000bec                EXTI4_IRQHandler
                0x0000000024000bec                FDCAN2_IT1_IRQHandler
                0x0000000024000bec                ETH_IRQHandler
                0x0000000024000bec                TIM1_UP_IRQHandler
                0x0000000024000bec                BDMA_Channel4_IRQHandler
                0x0000000024000bec                OTG_HS_EP1_OUT_IRQHandler
                0x0000000024000bec                WWDG_IRQHandler
                0x0000000024000bec                SPI6_IRQHandler
                0x0000000024000bec                MDIOS_IRQHandler
                0x0000000024000bec                I2C4_EV_IRQHandler
                0x0000000024000bec                FDCAN2_IT0_IRQHandler
                0x0000000024000bec                LPUART1_IRQHandler
                0x0000000024000bec                FDCAN1_IT0_IRQHandler
                0x0000000024000bec                TIM2_IRQHandler
                0x0000000024000bec                OTG_HS_IRQHandler
                0x0000000024000bec                DMA2D_IRQHandler
                0x0000000024000bec                TIM1_BRK_IRQHandler
                0x0000000024000bec                EXTI1_IRQHandler
                0x0000000024000bec                SDMMC2_IRQHandler
                0x0000000024000bec                BDMA_Channel3_IRQHandler
                0x0000000024000bec                DTS_IRQHandler
                0x0000000024000bec                UART7_IRQHandler
                0x0000000024000bec                MDIOS_WKUP_IRQHandler
                0x0000000024000bec                USART2_IRQHandler
                0x0000000024000bec                DFSDM1_FLT0_IRQHandler
                0x0000000024000bec                SAI4_IRQHandler
                0x0000000024000bec                I2C2_ER_IRQHandler
                0x0000000024000bec                DMA2_Stream1_IRQHandler
                0x0000000024000bec                FLASH_IRQHandler
                0x0000000024000bec                DMA2_Stream4_IRQHandler
                0x0000000024000bec                USART1_IRQHandler
                0x0000000024000bec                SPI3_IRQHandler
                0x0000000024000bec                WAKEUP_PIN_IRQHandler
                0x0000000024000bec                DMA1_Stream4_IRQHandler
                0x0000000024000bec                I2C1_ER_IRQHandler
                0x0000000024000bec                FMC_IRQHandler
                0x0000000024000bec                FDCAN_CAL_IRQHandler
                0x0000000024000bec                SWPMI1_IRQHandler
                0x0000000024000bec                COMP1_IRQHandler
                0x0000000024000bec                LPTIM1_IRQHandler
                0x0000000024000bec                DCMI_PSSI_IRQHandler
                0x0000000024000bec                I2C4_ER_IRQHandler
                0x0000000024000bec                DMA2_Stream6_IRQHandler
                0x0000000024000bec                SAI1_IRQHandler
                0x0000000024000bec                DMA1_Stream3_IRQHandler
 *fill*         0x0000000024000bee        0x2 
 .text.HAL_Init
                0x0000000024000bf0       0x78 ./Drivers/STM32H7xx_HAL_Driver/Src/stm32h7xx_hal.o
                0x0000000024000bf0                HAL_Init
 .text.HAL_InitTick
                0x0000000024000c68       0x6c ./Drivers/STM32H7xx_HAL_Driver/Src/stm32h7xx_hal.o
                0x0000000024000c68                HAL_InitTick
 .text.HAL_IncTick
                0x0000000024000cd4       0x28 ./Drivers/STM32H7xx_HAL_Driver/Src/stm32h7xx_hal.o
                0x0000000024000cd4                HAL_IncTick
 .text.HAL_GetTick
                0x0000000024000cfc       0x18 ./Drivers/STM32H7xx_HAL_Driver/Src/stm32h7xx_hal.o
                0x0000000024000cfc                HAL_GetTick
 .text.__NVIC_SetPriorityGrouping
                0x0000000024000d14       0x48 ./Drivers/STM32H7xx_HAL_Driver/Src/stm32h7xx_hal_cortex.o
 .text.__NVIC_GetPriorityGrouping
                0x0000000024000d5c       0x1c ./Drivers/STM32H7xx_HAL_Driver/Src/stm32h7xx_hal_cortex.o
 .text.__NVIC_SetPriority
                0x0000000024000d78       0x54 ./Drivers/STM32H7xx_HAL_Driver/Src/stm32h7xx_hal_cortex.o
 .text.NVIC_EncodePriority
                0x0000000024000dcc       0x66 ./Drivers/STM32H7xx_HAL_Driver/Src/stm32h7xx_hal_cortex.o
 *fill*         0x0000000024000e32        0x2 
 .text.SysTick_Config
                0x0000000024000e34       0x44 ./Drivers/STM32H7xx_HAL_Driver/Src/stm32h7xx_hal_cortex.o
 .text.HAL_NVIC_SetPriorityGrouping
                0x0000000024000e78       0x16 ./Drivers/STM32H7xx_HAL_Driver/Src/stm32h7xx_hal_cortex.o
                0x0000000024000e78                HAL_NVIC_SetPriorityGrouping
 .text.HAL_NVIC_SetPriority
                0x0000000024000e8e       0x34 ./Drivers/STM32H7xx_HAL_Driver/Src/stm32h7xx_hal_cortex.o
                0x0000000024000e8e                HAL_NVIC_SetPriority
 .text.HAL_SYSTICK_Config
                0x0000000024000ec2       0x18 ./Drivers/STM32H7xx_HAL_Driver/Src/stm32h7xx_hal_cortex.o
                0x0000000024000ec2                HAL_SYSTICK_Config
 *fill*         0x0000000024000eda        0x2 
 .text.HAL_GPIO_Init
                0x0000000024000edc      0x350 ./Drivers/STM32H7xx_HAL_Driver/Src/stm32h7xx_hal_gpio.o
                0x0000000024000edc                HAL_GPIO_Init
 .text.HAL_GPIO_WritePin
                0x000000002400122c       0x32 ./Drivers/STM32H7xx_HAL_Driver/Src/stm32h7xx_hal_gpio.o
                0x000000002400122c                HAL_GPIO_WritePin
 *fill*         0x000000002400125e        0x2 
 .text.HAL_I2C_Init
                0x0000000024001260      0x120 ./Drivers/STM32H7xx_HAL_Driver/Src/stm32h7xx_hal_i2c.o
                0x0000000024001260                HAL_I2C_Init
 .text.HAL_I2C_Mem_Write
                0x0000000024001380      0x228 ./Drivers/STM32H7xx_HAL_Driver/Src/stm32h7xx_hal_i2c.o
                0x0000000024001380                HAL_I2C_Mem_Write
 .text.HAL_I2C_Mem_Read
                0x00000000240015a8      0x234 ./Drivers/STM32H7xx_HAL_Driver/Src/stm32h7xx_hal_i2c.o
                0x00000000240015a8                HAL_I2C_Mem_Read
 .text.HAL_I2C_IsDeviceReady
                0x00000000240017dc      0x210 ./Drivers/STM32H7xx_HAL_Driver/Src/stm32h7xx_hal_i2c.o
                0x00000000240017dc                HAL_I2C_IsDeviceReady
 .text.I2C_RequestMemoryWrite
                0x00000000240019ec       0xa8 ./Drivers/STM32H7xx_HAL_Driver/Src/stm32h7xx_hal_i2c.o
 .text.I2C_RequestMemoryRead
                0x0000000024001a94       0xa8 ./Drivers/STM32H7xx_HAL_Driver/Src/stm32h7xx_hal_i2c.o
 .text.I2C_Flush_TXDR
                0x0000000024001b3c       0x48 ./Drivers/STM32H7xx_HAL_Driver/Src/stm32h7xx_hal_i2c.o
 .text.I2C_WaitOnFlagUntilTimeout
                0x0000000024001b84       0x9e ./Drivers/STM32H7xx_HAL_Driver/Src/stm32h7xx_hal_i2c.o
 .text.I2C_WaitOnTXISFlagUntilTimeout
                0x0000000024001c22       0x8e ./Drivers/STM32H7xx_HAL_Driver/Src/stm32h7xx_hal_i2c.o
 .text.I2C_WaitOnSTOPFlagUntilTimeout
                0x0000000024001cb0       0x86 ./Drivers/STM32H7xx_HAL_Driver/Src/stm32h7xx_hal_i2c.o
 *fill*         0x0000000024001d36        0x2 
 .text.I2C_IsErrorOccurred
                0x0000000024001d38      0x1c0 ./Drivers/STM32H7xx_HAL_Driver/Src/stm32h7xx_hal_i2c.o
 .text.I2C_TransferConfig
                0x0000000024001ef8       0x64 ./Drivers/STM32H7xx_HAL_Driver/Src/stm32h7xx_hal_i2c.o
 .text.HAL_I2CEx_ConfigAnalogFilter
                0x0000000024001f5c       0x96 ./Drivers/STM32H7xx_HAL_Driver/Src/stm32h7xx_hal_i2c_ex.o
                0x0000000024001f5c                HAL_I2CEx_ConfigAnalogFilter
 .text.HAL_I2CEx_ConfigDigitalFilter
                0x0000000024001ff2       0x98 ./Drivers/STM32H7xx_HAL_Driver/Src/stm32h7xx_hal_i2c_ex.o
                0x0000000024001ff2                HAL_I2CEx_ConfigDigitalFilter
 *fill*         0x000000002400208a        0x2 
 .text.HAL_PWREx_ConfigSupply
                0x000000002400208c       0xb4 ./Drivers/STM32H7xx_HAL_Driver/Src/stm32h7xx_hal_pwr_ex.o
                0x000000002400208c                HAL_PWREx_ConfigSupply
 .text.HAL_RCC_OscConfig
                0x0000000024002140      0x7b4 ./Drivers/STM32H7xx_HAL_Driver/Src/stm32h7xx_hal_rcc.o
                0x0000000024002140                HAL_RCC_OscConfig
 .text.HAL_RCC_ClockConfig
                0x00000000240028f4      0x36c ./Drivers/STM32H7xx_HAL_Driver/Src/stm32h7xx_hal_rcc.o
                0x00000000240028f4                HAL_RCC_ClockConfig
 .text.HAL_RCC_GetSysClockFreq
                0x0000000024002c60      0x2f4 ./Drivers/STM32H7xx_HAL_Driver/Src/stm32h7xx_hal_rcc.o
                0x0000000024002c60                HAL_RCC_GetSysClockFreq
 .text.HAL_RCCEx_PeriphCLKConfig
                0x0000000024002f54     0x1340 ./Drivers/STM32H7xx_HAL_Driver/Src/stm32h7xx_hal_rcc_ex.o
                0x0000000024002f54                HAL_RCCEx_PeriphCLKConfig
 .text.RCCEx_PLL2_Config
                0x0000000024004294      0x164 ./Drivers/STM32H7xx_HAL_Driver/Src/stm32h7xx_hal_rcc_ex.o
 .text.RCCEx_PLL3_Config
                0x00000000240043f8      0x164 ./Drivers/STM32H7xx_HAL_Driver/Src/stm32h7xx_hal_rcc_ex.o
 .text.__libc_init_array
                0x000000002400455c       0x48 c:/st/stm32cubeide_1.11.0/stm32cubeide/plugins/com.st.stm32cube.ide.mcu.externaltools.gnu-tools-for-stm32.10.3-2021.10.win32_1.0.200.202301161003/tools/bin/../lib/gcc/arm-none-eabi/10.3.1/../../../../arm-none-eabi/lib/thumb/v7e-m+dp/hard\libc_nano.a(lib_a-init.o)
                0x000000002400455c                __libc_init_array
 .text.memset   0x00000000240045a4       0x10 c:/st/stm32cubeide_1.11.0/stm32cubeide/plugins/com.st.stm32cube.ide.mcu.externaltools.gnu-tools-for-stm32.10.3-2021.10.win32_1.0.200.202301161003/tools/bin/../lib/gcc/arm-none-eabi/10.3.1/../../../../arm-none-eabi/lib/thumb/v7e-m+dp/hard\libc_nano.a(lib_a-memset.o)
                0x00000000240045a4                memset
 *(.glue_7)
 .glue_7        0x00000000240045b4        0x0 linker stubs
 *(.glue_7t)
 .glue_7t       0x00000000240045b4        0x0 linker stubs
 *(.eh_frame)
 .eh_frame      0x00000000240045b4        0x0 c:/st/stm32cubeide_1.11.0/stm32cubeide/plugins/com.st.stm32cube.ide.mcu.externaltools.gnu-tools-for-stm32.10.3-2021.10.win32_1.0.200.202301161003/tools/bin/../lib/gcc/arm-none-eabi/10.3.1/thumb/v7e-m+dp/hard/crtbegin.o
 *(.init)
 .init          0x00000000240045b4        0x4 c:/st/stm32cubeide_1.11.0/stm32cubeide/plugins/com.st.stm32cube.ide.mcu.externaltools.gnu-tools-for-stm32.10.3-2021.10.win32_1.0.200.202301161003/tools/bin/../lib/gcc/arm-none-eabi/10.3.1/thumb/v7e-m+dp/hard/crti.o
                0x00000000240045b4                _init
 .init          0x00000000240045b8        0x8 c:/st/stm32cubeide_1.11.0/stm32cubeide/plugins/com.st.stm32cube.ide.mcu.externaltools.gnu-tools-for-stm32.10.3-2021.10.win32_1.0.200.202301161003/tools/bin/../lib/gcc/arm-none-eabi/10.3.1/thumb/v7e-m+dp/hard/crtn.o
 *(.fini)
 .fini          0x00000000240045c0        0x4 c:/st/stm32cubeide_1.11.0/stm32cubeide/plugins/com.st.stm32cube.ide.mcu.externaltools.gnu-tools-for-stm32.10.3-2021.10.win32_1.0.200.202301161003/tools/bin/../lib/gcc/arm-none-eabi/10.3.1/thumb/v7e-m+dp/hard/crti.o
                0x00000000240045c0                _fini
 .fini          0x00000000240045c4        0x8 c:/st/stm32cubeide_1.11.0/stm32cubeide/plugins/com.st.stm32cube.ide.mcu.externaltools.gnu-tools-for-stm32.10.3-2021.10.win32_1.0.200.202301161003/tools/bin/../lib/gcc/arm-none-eabi/10.3.1/thumb/v7e-m+dp/hard/crtn.o
 *main.o(.text*)
 *e2.o(.text*)
 *Loader_Src.o(.text*)
                0x00000000240045cc                . = ALIGN (0x4)
                0x00000000240045cc                _etext = .

.vfp11_veneer   0x00000000240045cc        0x0
 .vfp11_veneer  0x00000000240045cc        0x0 linker stubs

.v4_bx          0x00000000240045cc        0x0
 .v4_bx         0x00000000240045cc        0x0 linker stubs

.iplt           0x00000000240045cc        0x0
 .iplt          0x00000000240045cc        0x0 c:/st/stm32cubeide_1.11.0/stm32cubeide/plugins/com.st.stm32cube.ide.mcu.externaltools.gnu-tools-for-stm32.10.3-2021.10.win32_1.0.200.202301161003/tools/bin/../lib/gcc/arm-none-eabi/10.3.1/thumb/v7e-m+dp/hard/crtbegin.o

.Dev_Info       0x00000000240045cc       0xc8
                0x00000000240045cc                __Dev_info_START = .
 *(.Dev_info*)
 .Dev_info      0x00000000240045cc       0xc8 ./Core/Src/main.o
                0x00000000240045cc                StorageInfo
 *(.Dev_info)
                0x0000000024004694                __Dev_info_END = .

.rodata         0x0000000024004694       0x10
                0x0000000024004694                . = ALIGN (0x4)
 *(.rodata)
 *(.rodata*)
 .rodata.D1CorePrescTable
                0x0000000024004694       0x10 ./Core/Src/system_stm32h7xx.o
                0x0000000024004694                D1CorePrescTable
                0x00000000240046a4                . = ALIGN (0x4)

.rel.dyn        0x00000000240046a4        0x0
 .rel.iplt      0x00000000240046a4        0x0 c:/st/stm32cubeide_1.11.0/stm32cubeide/plugins/com.st.stm32cube.ide.mcu.externaltools.gnu-tools-for-stm32.10.3-2021.10.win32_1.0.200.202301161003/tools/bin/../lib/gcc/arm-none-eabi/10.3.1/thumb/v7e-m+dp/hard/crtbegin.o

._user_heap_stack
                0x00000000240046a4      0x604
                0x00000000240046a8                . = ALIGN (0x8)
 *fill*         0x00000000240046a4        0x4 
                [!provide]                        PROVIDE (end = .)
                0x00000000240046a8                PROVIDE (_end = .)
                0x00000000240048a8                . = (. + _Min_Heap_Size)
 *fill*         0x00000000240046a8      0x200 
                0x0000000024004ca8                . = (. + _Min_Stack_Size)
 *fill*         0x00000000240048a8      0x400 
                0x0000000024004ca8                . = ALIGN (0x8)

/DISCARD/
 libc.a(*)
 libm.a(*)
 libgcc.a(*)

.ARM.attributes
                0x0000000000000000       0x2e
 *(.ARM.attributes)
 .ARM.attributes
                0x0000000000000000       0x1e c:/st/stm32cubeide_1.11.0/stm32cubeide/plugins/com.st.stm32cube.ide.mcu.externaltools.gnu-tools-for-stm32.10.3-2021.10.win32_1.0.200.202301161003/tools/bin/../lib/gcc/arm-none-eabi/10.3.1/thumb/v7e-m+dp/hard/crti.o
 .ARM.attributes
                0x000000000000001e       0x32 c:/st/stm32cubeide_1.11.0/stm32cubeide/plugins/com.st.stm32cube.ide.mcu.externaltools.gnu-tools-for-stm32.10.3-2021.10.win32_1.0.200.202301161003/tools/bin/../lib/gcc/arm-none-eabi/10.3.1/thumb/v7e-m+dp/hard/crtbegin.o
 .ARM.attributes
                0x0000000000000050       0x32 ./Core/Src/Loader_Src.o
 .ARM.attributes
                0x0000000000000082       0x32 ./Core/Src/e2.o
 .ARM.attributes
                0x00000000000000b4       0x32 ./Core/Src/main.o
 .ARM.attributes
                0x00000000000000e6       0x32 ./Core/Src/stm32h7xx_hal_msp.o
 .ARM.attributes
                0x0000000000000118       0x32 ./Core/Src/stm32h7xx_it.o
 .ARM.attributes
                0x000000000000014a       0x32 ./Core/Src/system_stm32h7xx.o
 .ARM.attributes
                0x000000000000017c       0x21 ./Core/Startup/startup_stm32h735igkx.o
 .ARM.attributes
                0x000000000000019d       0x32 ./Drivers/STM32H7xx_HAL_Driver/Src/stm32h7xx_hal.o
 .ARM.attributes
                0x00000000000001cf       0x32 ./Drivers/STM32H7xx_HAL_Driver/Src/stm32h7xx_hal_cortex.o
 .ARM.attributes
                0x0000000000000201       0x32 ./Drivers/STM32H7xx_HAL_Driver/Src/stm32h7xx_hal_gpio.o
 .ARM.attributes
                0x0000000000000233       0x32 ./Drivers/STM32H7xx_HAL_Driver/Src/stm32h7xx_hal_i2c.o
 .ARM.attributes
                0x0000000000000265       0x32 ./Drivers/STM32H7xx_HAL_Driver/Src/stm32h7xx_hal_i2c_ex.o
 .ARM.attributes
                0x0000000000000297       0x32 ./Drivers/STM32H7xx_HAL_Driver/Src/stm32h7xx_hal_pwr_ex.o
 .ARM.attributes
                0x00000000000002c9       0x32 ./Drivers/STM32H7xx_HAL_Driver/Src/stm32h7xx_hal_rcc.o
 .ARM.attributes
                0x00000000000002fb       0x32 ./Drivers/STM32H7xx_HAL_Driver/Src/stm32h7xx_hal_rcc_ex.o
 .ARM.attributes
                0x000000000000032d       0x32 c:/st/stm32cubeide_1.11.0/stm32cubeide/plugins/com.st.stm32cube.ide.mcu.externaltools.gnu-tools-for-stm32.10.3-2021.10.win32_1.0.200.202301161003/tools/bin/../lib/gcc/arm-none-eabi/10.3.1/../../../../arm-none-eabi/lib/thumb/v7e-m+dp/hard\libc_nano.a(lib_a-init.o)
 .ARM.attributes
                0x000000000000035f       0x32 c:/st/stm32cubeide_1.11.0/stm32cubeide/plugins/com.st.stm32cube.ide.mcu.externaltools.gnu-tools-for-stm32.10.3-2021.10.win32_1.0.200.202301161003/tools/bin/../lib/gcc/arm-none-eabi/10.3.1/../../../../arm-none-eabi/lib/thumb/v7e-m+dp/hard\libc_nano.a(lib_a-memset.o)
 .ARM.attributes
                0x0000000000000391       0x1e c:/st/stm32cubeide_1.11.0/stm32cubeide/plugins/com.st.stm32cube.ide.mcu.externaltools.gnu-tools-for-stm32.10.3-2021.10.win32_1.0.200.202301161003/tools/bin/../lib/gcc/arm-none-eabi/10.3.1/thumb/v7e-m+dp/hard/crtn.o
OUTPUT(LoaderBR24L04-W.elf elf32-littlearm)
LOAD linker stubs
LOAD c:/st/stm32cubeide_1.11.0/stm32cubeide/plugins/com.st.stm32cube.ide.mcu.externaltools.gnu-tools-for-stm32.10.3-2021.10.win32_1.0.200.202301161003/tools/bin/../lib/gcc/arm-none-eabi/10.3.1/../../../../arm-none-eabi/lib/thumb/v7e-m+dp/hard\libc.a
LOAD c:/st/stm32cubeide_1.11.0/stm32cubeide/plugins/com.st.stm32cube.ide.mcu.externaltools.gnu-tools-for-stm32.10.3-2021.10.win32_1.0.200.202301161003/tools/bin/../lib/gcc/arm-none-eabi/10.3.1/../../../../arm-none-eabi/lib/thumb/v7e-m+dp/hard\libm.a
LOAD c:/st/stm32cubeide_1.11.0/stm32cubeide/plugins/com.st.stm32cube.ide.mcu.externaltools.gnu-tools-for-stm32.10.3-2021.10.win32_1.0.200.202301161003/tools/bin/../lib/gcc/arm-none-eabi/10.3.1/thumb/v7e-m+dp/hard\libgcc.a

.debug_info     0x0000000000000000     0xd358
 .debug_info    0x0000000000000000       0x84 ./Core/Src/Loader_Src.o
 .debug_info    0x0000000000000084      0x9bc ./Core/Src/e2.o
 .debug_info    0x0000000000000a40     0x145a ./Core/Src/main.o
 .debug_info    0x0000000000001e9a      0xfee ./Core/Src/stm32h7xx_hal_msp.o
 .debug_info    0x0000000000002e88      0x137 ./Core/Src/stm32h7xx_it.o
 .debug_info    0x0000000000002fbf      0xb45 ./Core/Src/system_stm32h7xx.o
 .debug_info    0x0000000000003b04       0x22 ./Core/Startup/startup_stm32h735igkx.o
 .debug_info    0x0000000000003b26     0x1758 ./Drivers/STM32H7xx_HAL_Driver/Src/stm32h7xx_hal.o
 .debug_info    0x000000000000527e     0x1173 ./Drivers/STM32H7xx_HAL_Driver/Src/stm32h7xx_hal_cortex.o
 .debug_info    0x00000000000063f1      0xd37 ./Drivers/STM32H7xx_HAL_Driver/Src/stm32h7xx_hal_gpio.o
 .debug_info    0x0000000000007128     0x2455 ./Drivers/STM32H7xx_HAL_Driver/Src/stm32h7xx_hal_i2c.o
 .debug_info    0x000000000000957d      0xe62 ./Drivers/STM32H7xx_HAL_Driver/Src/stm32h7xx_hal_i2c_ex.o
 .debug_info    0x000000000000a3df      0xe71 ./Drivers/STM32H7xx_HAL_Driver/Src/stm32h7xx_hal_pwr_ex.o
 .debug_info    0x000000000000b250      0xe4a ./Drivers/STM32H7xx_HAL_Driver/Src/stm32h7xx_hal_rcc.o
 .debug_info    0x000000000000c09a     0x12be ./Drivers/STM32H7xx_HAL_Driver/Src/stm32h7xx_hal_rcc_ex.o

.debug_abbrev   0x0000000000000000     0x1c2b
 .debug_abbrev  0x0000000000000000       0x29 ./Core/Src/Loader_Src.o
 .debug_abbrev  0x0000000000000029      0x1a8 ./Core/Src/e2.o
 .debug_abbrev  0x00000000000001d1      0x354 ./Core/Src/main.o
 .debug_abbrev  0x0000000000000525      0x1fe ./Core/Src/stm32h7xx_hal_msp.o
 .debug_abbrev  0x0000000000000723       0x74 ./Core/Src/stm32h7xx_it.o
 .debug_abbrev  0x0000000000000797      0x136 ./Core/Src/system_stm32h7xx.o
 .debug_abbrev  0x00000000000008cd       0x12 ./Core/Startup/startup_stm32h735igkx.o
 .debug_abbrev  0x00000000000008df      0x292 ./Drivers/STM32H7xx_HAL_Driver/Src/stm32h7xx_hal.o
 .debug_abbrev  0x0000000000000b71      0x329 ./Drivers/STM32H7xx_HAL_Driver/Src/stm32h7xx_hal_cortex.o
 .debug_abbrev  0x0000000000000e9a      0x1ec ./Drivers/STM32H7xx_HAL_Driver/Src/stm32h7xx_hal_gpio.o
 .debug_abbrev  0x0000000000001086      0x243 ./Drivers/STM32H7xx_HAL_Driver/Src/stm32h7xx_hal_i2c.o
 .debug_abbrev  0x00000000000012c9      0x1e1 ./Drivers/STM32H7xx_HAL_Driver/Src/stm32h7xx_hal_i2c_ex.o
 .debug_abbrev  0x00000000000014aa      0x27e ./Drivers/STM32H7xx_HAL_Driver/Src/stm32h7xx_hal_pwr_ex.o
 .debug_abbrev  0x0000000000001728      0x2a7 ./Drivers/STM32H7xx_HAL_Driver/Src/stm32h7xx_hal_rcc.o
 .debug_abbrev  0x00000000000019cf      0x25c ./Drivers/STM32H7xx_HAL_Driver/Src/stm32h7xx_hal_rcc_ex.o

.debug_aranges  0x0000000000000000      0xa88
 .debug_aranges
                0x0000000000000000       0x18 ./Core/Src/Loader_Src.o
 .debug_aranges
                0x0000000000000018       0x28 ./Core/Src/e2.o
 .debug_aranges
                0x0000000000000040       0x78 ./Core/Src/main.o
 .debug_aranges
                0x00000000000000b8       0x30 ./Core/Src/stm32h7xx_hal_msp.o
 .debug_aranges
                0x00000000000000e8       0x60 ./Core/Src/stm32h7xx_it.o
 .debug_aranges
                0x0000000000000148       0x28 ./Core/Src/system_stm32h7xx.o
 .debug_aranges
                0x0000000000000170       0x28 ./Core/Startup/startup_stm32h735igkx.o
 .debug_aranges
                0x0000000000000198      0x1c8 ./Drivers/STM32H7xx_HAL_Driver/Src/stm32h7xx_hal.o
 .debug_aranges
                0x0000000000000360      0x120 ./Drivers/STM32H7xx_HAL_Driver/Src/stm32h7xx_hal_cortex.o
 .debug_aranges
                0x0000000000000480       0x58 ./Drivers/STM32H7xx_HAL_Driver/Src/stm32h7xx_hal_gpio.o
 .debug_aranges
                0x00000000000004d8      0x2a0 ./Drivers/STM32H7xx_HAL_Driver/Src/stm32h7xx_hal_i2c.o
 .debug_aranges
                0x0000000000000778       0x48 ./Drivers/STM32H7xx_HAL_Driver/Src/stm32h7xx_hal_i2c_ex.o
 .debug_aranges
                0x00000000000007c0      0x148 ./Drivers/STM32H7xx_HAL_Driver/Src/stm32h7xx_hal_pwr_ex.o
 .debug_aranges
                0x0000000000000908       0x88 ./Drivers/STM32H7xx_HAL_Driver/Src/stm32h7xx_hal_rcc.o
 .debug_aranges
                0x0000000000000990       0xf8 ./Drivers/STM32H7xx_HAL_Driver/Src/stm32h7xx_hal_rcc_ex.o

.debug_macro    0x0000000000000000    0x30eb1
 .debug_macro   0x0000000000000000      0x2ba ./Core/Src/Loader_Src.o
 .debug_macro   0x00000000000002ba      0x22c ./Core/Src/Loader_Src.o
 .debug_macro   0x00000000000004e6       0x2e ./Core/Src/Loader_Src.o
 .debug_macro   0x0000000000000514       0x42 ./Core/Src/Loader_Src.o
 .debug_macro   0x0000000000000556       0x22 ./Core/Src/Loader_Src.o
 .debug_macro   0x0000000000000578       0x8e ./Core/Src/Loader_Src.o
 .debug_macro   0x0000000000000606       0x51 ./Core/Src/Loader_Src.o
 .debug_macro   0x0000000000000657      0x103 ./Core/Src/Loader_Src.o
 .debug_macro   0x000000000000075a       0x6a ./Core/Src/Loader_Src.o
 .debug_macro   0x00000000000007c4      0x1df ./Core/Src/Loader_Src.o
 .debug_macro   0x00000000000009a3       0x1c ./Core/Src/Loader_Src.o
 .debug_macro   0x00000000000009bf       0x22 ./Core/Src/Loader_Src.o
 .debug_macro   0x00000000000009e1       0xfb ./Core/Src/Loader_Src.o
 .debug_macro   0x0000000000000adc     0x1305 ./Core/Src/Loader_Src.o
 .debug_macro   0x0000000000001de1      0x11f ./Core/Src/Loader_Src.o
 .debug_macro   0x0000000000001f00       0x27 ./Core/Src/Loader_Src.o
 .debug_macro   0x0000000000001f27    0x21c42 ./Core/Src/Loader_Src.o
 .debug_macro   0x0000000000023b69       0x6d ./Core/Src/Loader_Src.o
 .debug_macro   0x0000000000023bd6     0x3d48 ./Core/Src/Loader_Src.o
 .debug_macro   0x000000000002791e      0x174 ./Core/Src/Loader_Src.o
 .debug_macro   0x0000000000027a92       0x52 ./Core/Src/Loader_Src.o
 .debug_macro   0x0000000000027ae4       0x1d ./Core/Src/Loader_Src.o
 .debug_macro   0x0000000000027b01       0x3c ./Core/Src/Loader_Src.o
 .debug_macro   0x0000000000027b3d       0x34 ./Core/Src/Loader_Src.o
 .debug_macro   0x0000000000027b71       0x16 ./Core/Src/Loader_Src.o
 .debug_macro   0x0000000000027b87       0x43 ./Core/Src/Loader_Src.o
 .debug_macro   0x0000000000027bca       0x34 ./Core/Src/Loader_Src.o
 .debug_macro   0x0000000000027bfe       0x10 ./Core/Src/Loader_Src.o
 .debug_macro   0x0000000000027c0e       0x58 ./Core/Src/Loader_Src.o
 .debug_macro   0x0000000000027c66       0x71 ./Core/Src/Loader_Src.o
 .debug_macro   0x0000000000027cd7       0x1c ./Core/Src/Loader_Src.o
 .debug_macro   0x0000000000027cf3      0x12a ./Core/Src/Loader_Src.o
 .debug_macro   0x0000000000027e1d      0x341 ./Core/Src/Loader_Src.o
 .debug_macro   0x000000000002815e      0x19b ./Core/Src/Loader_Src.o
 .debug_macro   0x00000000000282f9       0x5d ./Core/Src/Loader_Src.o
 .debug_macro   0x0000000000028356     0x257a ./Core/Src/Loader_Src.o
 .debug_macro   0x000000000002a8d0     0x1079 ./Core/Src/Loader_Src.o
 .debug_macro   0x000000000002b949      0x154 ./Core/Src/Loader_Src.o
 .debug_macro   0x000000000002ba9d      0x114 ./Core/Src/Loader_Src.o
 .debug_macro   0x000000000002bbb1      0x3f8 ./Core/Src/Loader_Src.o
 .debug_macro   0x000000000002bfa9       0xac ./Core/Src/Loader_Src.o
 .debug_macro   0x000000000002c055      0x788 ./Core/Src/Loader_Src.o
 .debug_macro   0x000000000002c7dd      0x228 ./Core/Src/Loader_Src.o
 .debug_macro   0x000000000002ca05       0x66 ./Core/Src/Loader_Src.o
 .debug_macro   0x000000000002ca6b      0x3a6 ./Core/Src/Loader_Src.o
 .debug_macro   0x000000000002ce11      0x3f9 ./Core/Src/Loader_Src.o
 .debug_macro   0x000000000002d20a      0x275 ./Core/Src/Loader_Src.o
 .debug_macro   0x000000000002d47f      0x3ca ./Core/Src/Loader_Src.o
 .debug_macro   0x000000000002d849      0x45c ./Core/Src/Loader_Src.o
 .debug_macro   0x000000000002dca5       0x3c ./Core/Src/Loader_Src.o
 .debug_macro   0x000000000002dce1       0x4a ./Core/Src/Loader_Src.o
 .debug_macro   0x000000000002dd2b      0x22c ./Core/Src/Loader_Src.o
 .debug_macro   0x000000000002df57       0x67 ./Core/Src/Loader_Src.o
 .debug_macro   0x000000000002dfbe       0xa5 ./Core/Src/Loader_Src.o
 .debug_macro   0x000000000002e063      0x1c4 ./Core/Src/Loader_Src.o
 .debug_macro   0x000000000002e227      0x25b ./Core/Src/Loader_Src.o
 .debug_macro   0x000000000002e482       0x35 ./Core/Src/Loader_Src.o
 .debug_macro   0x000000000002e4b7      0x5e6 ./Core/Src/Loader_Src.o
 .debug_macro   0x000000000002ea9d       0x16 ./Core/Src/Loader_Src.o
 .debug_macro   0x000000000002eab3       0x28 ./Core/Src/Loader_Src.o
 .debug_macro   0x000000000002eadb       0x3a ./Core/Src/Loader_Src.o
 .debug_macro   0x000000000002eb15      0x2b3 ./Core/Src/e2.o
 .debug_macro   0x000000000002edc8       0x10 ./Core/Src/e2.o
 .debug_macro   0x000000000002edd8      0x336 ./Core/Src/main.o
 .debug_macro   0x000000000002f10e       0x16 ./Core/Src/main.o
 .debug_macro   0x000000000002f124       0x35 ./Core/Src/main.o
 .debug_macro   0x000000000002f159       0x20 ./Core/Src/main.o
 .debug_macro   0x000000000002f179      0x28f ./Core/Src/stm32h7xx_hal_msp.o
 .debug_macro   0x000000000002f408      0x299 ./Core/Src/stm32h7xx_it.o
 .debug_macro   0x000000000002f6a1      0x298 ./Core/Src/system_stm32h7xx.o
 .debug_macro   0x000000000002f939      0x2aa ./Drivers/STM32H7xx_HAL_Driver/Src/stm32h7xx_hal.o
 .debug_macro   0x000000000002fbe3      0x280 ./Drivers/STM32H7xx_HAL_Driver/Src/stm32h7xx_hal_cortex.o
 .debug_macro   0x000000000002fe63      0x287 ./Drivers/STM32H7xx_HAL_Driver/Src/stm32h7xx_hal_gpio.o
 .debug_macro   0x00000000000300ea      0x34c ./Drivers/STM32H7xx_HAL_Driver/Src/stm32h7xx_hal_i2c.o
 .debug_macro   0x0000000000030436      0x280 ./Drivers/STM32H7xx_HAL_Driver/Src/stm32h7xx_hal_i2c_ex.o
 .debug_macro   0x00000000000306b6      0x2b9 ./Drivers/STM32H7xx_HAL_Driver/Src/stm32h7xx_hal_pwr_ex.o
 .debug_macro   0x000000000003096f      0x2a4 ./Drivers/STM32H7xx_HAL_Driver/Src/stm32h7xx_hal_rcc.o
 .debug_macro   0x0000000000030c13      0x29e ./Drivers/STM32H7xx_HAL_Driver/Src/stm32h7xx_hal_rcc_ex.o

.debug_line     0x0000000000000000     0xe1e1
 .debug_line    0x0000000000000000      0x869 ./Core/Src/Loader_Src.o
 .debug_line    0x0000000000000869      0x974 ./Core/Src/e2.o
 .debug_line    0x00000000000011dd      0xac1 ./Core/Src/main.o
 .debug_line    0x0000000000001c9e      0x850 ./Core/Src/stm32h7xx_hal_msp.o
 .debug_line    0x00000000000024ee      0x8b4 ./Core/Src/stm32h7xx_it.o
 .debug_line    0x0000000000002da2      0x99c ./Core/Src/system_stm32h7xx.o
 .debug_line    0x000000000000373e       0x88 ./Core/Startup/startup_stm32h735igkx.o
 .debug_line    0x00000000000037c6      0xe30 ./Drivers/STM32H7xx_HAL_Driver/Src/stm32h7xx_hal.o
 .debug_line    0x00000000000045f6      0xda5 ./Drivers/STM32H7xx_HAL_Driver/Src/stm32h7xx_hal_cortex.o
 .debug_line    0x000000000000539b      0xc4e ./Drivers/STM32H7xx_HAL_Driver/Src/stm32h7xx_hal_gpio.o
 .debug_line    0x0000000000005fe9     0x3b88 ./Drivers/STM32H7xx_HAL_Driver/Src/stm32h7xx_hal_i2c.o
 .debug_line    0x0000000000009b71      0xa0f ./Drivers/STM32H7xx_HAL_Driver/Src/stm32h7xx_hal_i2c_ex.o
 .debug_line    0x000000000000a580      0xe3f ./Drivers/STM32H7xx_HAL_Driver/Src/stm32h7xx_hal_pwr_ex.o
 .debug_line    0x000000000000b3bf     0x12c6 ./Drivers/STM32H7xx_HAL_Driver/Src/stm32h7xx_hal_rcc.o
 .debug_line    0x000000000000c685     0x1b5c ./Drivers/STM32H7xx_HAL_Driver/Src/stm32h7xx_hal_rcc_ex.o

.debug_str      0x0000000000000000   0x13c92b
 .debug_str     0x0000000000000000   0x138127 ./Core/Src/Loader_Src.o
                                     0x13854d (size before relaxing)
 .debug_str     0x0000000000138127      0x76b ./Core/Src/e2.o
                                     0x138cad (size before relaxing)
 .debug_str     0x0000000000138892      0x68a ./Core/Src/main.o
                                     0x1392e4 (size before relaxing)
 .debug_str     0x0000000000138f1c      0x34f ./Core/Src/stm32h7xx_hal_msp.o
                                     0x138fb6 (size before relaxing)
 .debug_str     0x000000000013926b       0xc9 ./Core/Src/stm32h7xx_it.o
                                     0x1383f1 (size before relaxing)
 .debug_str     0x0000000000139334      0x316 ./Core/Src/system_stm32h7xx.o
                                     0x138870 (size before relaxing)
 .debug_str     0x000000000013964a       0x36 ./Core/Startup/startup_stm32h735igkx.o
                                         0x76 (size before relaxing)
 .debug_str     0x0000000000139680     0x114b ./Drivers/STM32H7xx_HAL_Driver/Src/stm32h7xx_hal.o
                                     0x1398bb (size before relaxing)
 .debug_str     0x000000000013a7cb      0x35a ./Drivers/STM32H7xx_HAL_Driver/Src/stm32h7xx_hal_cortex.o
                                     0x13919d (size before relaxing)
 .debug_str     0x000000000013ab25       0xf1 ./Drivers/STM32H7xx_HAL_Driver/Src/stm32h7xx_hal_gpio.o
                                     0x138853 (size before relaxing)
 .debug_str     0x000000000013ac16      0xdfe ./Drivers/STM32H7xx_HAL_Driver/Src/stm32h7xx_hal_i2c.o
                                     0x1398f5 (size before relaxing)
 .debug_str     0x000000000013ba14       0xb8 ./Drivers/STM32H7xx_HAL_Driver/Src/stm32h7xx_hal_i2c_ex.o
                                     0x138cc2 (size before relaxing)
 .debug_str     0x000000000013bacc      0x5ee ./Drivers/STM32H7xx_HAL_Driver/Src/stm32h7xx_hal_pwr_ex.o
                                     0x138c5b (size before relaxing)
 .debug_str     0x000000000013c0ba      0x22e ./Drivers/STM32H7xx_HAL_Driver/Src/stm32h7xx_hal_rcc.o
                                     0x138bd6 (size before relaxing)
 .debug_str     0x000000000013c2e8      0x643 ./Drivers/STM32H7xx_HAL_Driver/Src/stm32h7xx_hal_rcc_ex.o
                                     0x1390ee (size before relaxing)

.comment        0x0000000000000000       0x50
 .comment       0x0000000000000000       0x50 ./Core/Src/Loader_Src.o
                                         0x51 (size before relaxing)
 .comment       0x0000000000000050       0x51 ./Core/Src/e2.o
 .comment       0x0000000000000050       0x51 ./Core/Src/main.o
 .comment       0x0000000000000050       0x51 ./Core/Src/stm32h7xx_hal_msp.o
 .comment       0x0000000000000050       0x51 ./Core/Src/stm32h7xx_it.o
 .comment       0x0000000000000050       0x51 ./Core/Src/system_stm32h7xx.o
 .comment       0x0000000000000050       0x51 ./Drivers/STM32H7xx_HAL_Driver/Src/stm32h7xx_hal.o
 .comment       0x0000000000000050       0x51 ./Drivers/STM32H7xx_HAL_Driver/Src/stm32h7xx_hal_cortex.o
 .comment       0x0000000000000050       0x51 ./Drivers/STM32H7xx_HAL_Driver/Src/stm32h7xx_hal_gpio.o
 .comment       0x0000000000000050       0x51 ./Drivers/STM32H7xx_HAL_Driver/Src/stm32h7xx_hal_i2c.o
 .comment       0x0000000000000050       0x51 ./Drivers/STM32H7xx_HAL_Driver/Src/stm32h7xx_hal_i2c_ex.o
 .comment       0x0000000000000050       0x51 ./Drivers/STM32H7xx_HAL_Driver/Src/stm32h7xx_hal_pwr_ex.o
 .comment       0x0000000000000050       0x51 ./Drivers/STM32H7xx_HAL_Driver/Src/stm32h7xx_hal_rcc.o
 .comment       0x0000000000000050       0x51 ./Drivers/STM32H7xx_HAL_Driver/Src/stm32h7xx_hal_rcc_ex.o

.debug_ranges   0x0000000000000000      0x998
 .debug_ranges  0x0000000000000000       0x18 ./Core/Src/e2.o
 .debug_ranges  0x0000000000000018       0x68 ./Core/Src/main.o
 .debug_ranges  0x0000000000000080       0x20 ./Core/Src/stm32h7xx_hal_msp.o
 .debug_ranges  0x00000000000000a0       0x50 ./Core/Src/stm32h7xx_it.o
 .debug_ranges  0x00000000000000f0       0x18 ./Core/Src/system_stm32h7xx.o
 .debug_ranges  0x0000000000000108       0x20 ./Core/Startup/startup_stm32h735igkx.o
 .debug_ranges  0x0000000000000128      0x1b8 ./Drivers/STM32H7xx_HAL_Driver/Src/stm32h7xx_hal.o
 .debug_ranges  0x00000000000002e0      0x110 ./Drivers/STM32H7xx_HAL_Driver/Src/stm32h7xx_hal_cortex.o
 .debug_ranges  0x00000000000003f0       0x48 ./Drivers/STM32H7xx_HAL_Driver/Src/stm32h7xx_hal_gpio.o
 .debug_ranges  0x0000000000000438      0x290 ./Drivers/STM32H7xx_HAL_Driver/Src/stm32h7xx_hal_i2c.o
 .debug_ranges  0x00000000000006c8       0x38 ./Drivers/STM32H7xx_HAL_Driver/Src/stm32h7xx_hal_i2c_ex.o
 .debug_ranges  0x0000000000000700      0x138 ./Drivers/STM32H7xx_HAL_Driver/Src/stm32h7xx_hal_pwr_ex.o
 .debug_ranges  0x0000000000000838       0x78 ./Drivers/STM32H7xx_HAL_Driver/Src/stm32h7xx_hal_rcc.o
 .debug_ranges  0x00000000000008b0       0xe8 ./Drivers/STM32H7xx_HAL_Driver/Src/stm32h7xx_hal_rcc_ex.o

.debug_frame    0x0000000000000000     0x2a24
 .debug_frame   0x0000000000000000       0x5c ./Core/Src/e2.o
 .debug_frame   0x000000000000005c      0x1a8 ./Core/Src/main.o
 .debug_frame   0x0000000000000204       0x84 ./Core/Src/stm32h7xx_hal_msp.o
 .debug_frame   0x0000000000000288      0x104 ./Core/Src/stm32h7xx_it.o
 .debug_frame   0x000000000000038c       0x58 ./Core/Src/system_stm32h7xx.o
 .debug_frame   0x00000000000003e4      0x760 ./Drivers/STM32H7xx_HAL_Driver/Src/stm32h7xx_hal.o
 .debug_frame   0x0000000000000b44      0x4b8 ./Drivers/STM32H7xx_HAL_Driver/Src/stm32h7xx_hal_cortex.o
 .debug_frame   0x0000000000000ffc      0x14c ./Drivers/STM32H7xx_HAL_Driver/Src/stm32h7xx_hal_gpio.o
 .debug_frame   0x0000000000001148      0xc40 ./Drivers/STM32H7xx_HAL_Driver/Src/stm32h7xx_hal_i2c.o
 .debug_frame   0x0000000000001d88      0x100 ./Drivers/STM32H7xx_HAL_Driver/Src/stm32h7xx_hal_i2c_ex.o
 .debug_frame   0x0000000000001e88      0x540 ./Drivers/STM32H7xx_HAL_Driver/Src/stm32h7xx_hal_pwr_ex.o
 .debug_frame   0x00000000000023c8      0x1fc ./Drivers/STM32H7xx_HAL_Driver/Src/stm32h7xx_hal_rcc.o
 .debug_frame   0x00000000000025c4      0x414 ./Drivers/STM32H7xx_HAL_Driver/Src/stm32h7xx_hal_rcc_ex.o
 .debug_frame   0x00000000000029d8       0x2c c:/st/stm32cubeide_1.11.0/stm32cubeide/plugins/com.st.stm32cube.ide.mcu.externaltools.gnu-tools-for-stm32.10.3-2021.10.win32_1.0.200.202301161003/tools/bin/../lib/gcc/arm-none-eabi/10.3.1/../../../../arm-none-eabi/lib/thumb/v7e-m+dp/hard\libc_nano.a(lib_a-init.o)
 .debug_frame   0x0000000000002a04       0x20 c:/st/stm32cubeide_1.11.0/stm32cubeide/plugins/com.st.stm32cube.ide.mcu.externaltools.gnu-tools-for-stm32.10.3-2021.10.win32_1.0.200.202301161003/tools/bin/../lib/gcc/arm-none-eabi/10.3.1/../../../../arm-none-eabi/lib/thumb/v7e-m+dp/hard\libc_nano.a(lib_a-memset.o)
