Archive member included to satisfy reference by file (symbol)

c:/st/stm32cubeide_1.11.0/stm32cubeide/plugins/com.st.stm32cube.ide.mcu.externaltools.gnu-tools-for-stm32.10.3-2021.10.win32_1.0.200.202301161003/tools/bin/../lib/gcc/arm-none-eabi/10.3.1/../../../../arm-none-eabi/lib/thumb/v7e-m+dp/hard\libc_nano.a(lib_a-errno.o)
                              ./Core/Src/syscalls.o (__errno)
c:/st/stm32cubeide_1.11.0/stm32cubeide/plugins/com.st.stm32cube.ide.mcu.externaltools.gnu-tools-for-stm32.10.3-2021.10.win32_1.0.200.202301161003/tools/bin/../lib/gcc/arm-none-eabi/10.3.1/../../../../arm-none-eabi/lib/thumb/v7e-m+dp/hard\libc_nano.a(lib_a-exit.o)
                              c:/st/stm32cubeide_1.11.0/stm32cubeide/plugins/com.st.stm32cube.ide.mcu.externaltools.gnu-tools-for-stm32.10.3-2021.10.win32_1.0.200.202301161003/tools/bin/../lib/gcc/arm-none-eabi/10.3.1/../../../../arm-none-eabi/lib/thumb/v7e-m+dp/hard/crt0.o (exit)
c:/st/stm32cubeide_1.11.0/stm32cubeide/plugins/com.st.stm32cube.ide.mcu.externaltools.gnu-tools-for-stm32.10.3-2021.10.win32_1.0.200.202301161003/tools/bin/../lib/gcc/arm-none-eabi/10.3.1/../../../../arm-none-eabi/lib/thumb/v7e-m+dp/hard\libc_nano.a(lib_a-impure.o)
                              c:/st/stm32cubeide_1.11.0/stm32cubeide/plugins/com.st.stm32cube.ide.mcu.externaltools.gnu-tools-for-stm32.10.3-2021.10.win32_1.0.200.202301161003/tools/bin/../lib/gcc/arm-none-eabi/10.3.1/../../../../arm-none-eabi/lib/thumb/v7e-m+dp/hard\libc_nano.a(lib_a-exit.o) (_global_impure_ptr)
c:/st/stm32cubeide_1.11.0/stm32cubeide/plugins/com.st.stm32cube.ide.mcu.externaltools.gnu-tools-for-stm32.10.3-2021.10.win32_1.0.200.202301161003/tools/bin/../lib/gcc/arm-none-eabi/10.3.1/../../../../arm-none-eabi/lib/thumb/v7e-m+dp/hard\libc_nano.a(lib_a-init.o)
                              c:/st/stm32cubeide_1.11.0/stm32cubeide/plugins/com.st.stm32cube.ide.mcu.externaltools.gnu-tools-for-stm32.10.3-2021.10.win32_1.0.200.202301161003/tools/bin/../lib/gcc/arm-none-eabi/10.3.1/../../../../arm-none-eabi/lib/thumb/v7e-m+dp/hard/crt0.o (__libc_init_array)
c:/st/stm32cubeide_1.11.0/stm32cubeide/plugins/com.st.stm32cube.ide.mcu.externaltools.gnu-tools-for-stm32.10.3-2021.10.win32_1.0.200.202301161003/tools/bin/../lib/gcc/arm-none-eabi/10.3.1/../../../../arm-none-eabi/lib/thumb/v7e-m+dp/hard\libc_nano.a(lib_a-memset.o)
                              c:/st/stm32cubeide_1.11.0/stm32cubeide/plugins/com.st.stm32cube.ide.mcu.externaltools.gnu-tools-for-stm32.10.3-2021.10.win32_1.0.200.202301161003/tools/bin/../lib/gcc/arm-none-eabi/10.3.1/../../../../arm-none-eabi/lib/thumb/v7e-m+dp/hard/crt0.o (memset)

Discarded input sections

 .text          0x0000000000000000        0x0 c:/st/stm32cubeide_1.11.0/stm32cubeide/plugins/com.st.stm32cube.ide.mcu.externaltools.gnu-tools-for-stm32.10.3-2021.10.win32_1.0.200.202301161003/tools/bin/../lib/gcc/arm-none-eabi/10.3.1/thumb/v7e-m+dp/hard/crti.o
 .data          0x0000000000000000        0x0 c:/st/stm32cubeide_1.11.0/stm32cubeide/plugins/com.st.stm32cube.ide.mcu.externaltools.gnu-tools-for-stm32.10.3-2021.10.win32_1.0.200.202301161003/tools/bin/../lib/gcc/arm-none-eabi/10.3.1/thumb/v7e-m+dp/hard/crti.o
 .bss           0x0000000000000000        0x0 c:/st/stm32cubeide_1.11.0/stm32cubeide/plugins/com.st.stm32cube.ide.mcu.externaltools.gnu-tools-for-stm32.10.3-2021.10.win32_1.0.200.202301161003/tools/bin/../lib/gcc/arm-none-eabi/10.3.1/thumb/v7e-m+dp/hard/crti.o
 .data          0x0000000000000000        0x4 c:/st/stm32cubeide_1.11.0/stm32cubeide/plugins/com.st.stm32cube.ide.mcu.externaltools.gnu-tools-for-stm32.10.3-2021.10.win32_1.0.200.202301161003/tools/bin/../lib/gcc/arm-none-eabi/10.3.1/thumb/v7e-m+dp/hard/crtbegin.o
 .rodata        0x0000000000000000       0x24 c:/st/stm32cubeide_1.11.0/stm32cubeide/plugins/com.st.stm32cube.ide.mcu.externaltools.gnu-tools-for-stm32.10.3-2021.10.win32_1.0.200.202301161003/tools/bin/../lib/gcc/arm-none-eabi/10.3.1/thumb/v7e-m+dp/hard/crtbegin.o
 .text          0x0000000000000000       0x7c c:/st/stm32cubeide_1.11.0/stm32cubeide/plugins/com.st.stm32cube.ide.mcu.externaltools.gnu-tools-for-stm32.10.3-2021.10.win32_1.0.200.202301161003/tools/bin/../lib/gcc/arm-none-eabi/10.3.1/../../../../arm-none-eabi/lib/thumb/v7e-m+dp/hard/crt0.o
 .data          0x0000000000000000        0x0 c:/st/stm32cubeide_1.11.0/stm32cubeide/plugins/com.st.stm32cube.ide.mcu.externaltools.gnu-tools-for-stm32.10.3-2021.10.win32_1.0.200.202301161003/tools/bin/../lib/gcc/arm-none-eabi/10.3.1/../../../../arm-none-eabi/lib/thumb/v7e-m+dp/hard/crt0.o
 .bss           0x0000000000000000        0x0 c:/st/stm32cubeide_1.11.0/stm32cubeide/plugins/com.st.stm32cube.ide.mcu.externaltools.gnu-tools-for-stm32.10.3-2021.10.win32_1.0.200.202301161003/tools/bin/../lib/gcc/arm-none-eabi/10.3.1/../../../../arm-none-eabi/lib/thumb/v7e-m+dp/hard/crt0.o
[...]
Memory Configuration

Name             Origin             Length             Attributes
RAM_D1           0x0000000024000000 0x0000000000009000 xrw
*default*        0x0000000000000000 0xffffffffffffffff

Linker script and memory map

LOAD c:/st/stm32cubeide_1.11.0/stm32cubeide/plugins/com.st.stm32cube.ide.mcu.externaltools.gnu-tools-for-stm32.10.3-2021.10.win32_1.0.200.202301161003/tools/bin/../lib/gcc/arm-none-eabi/10.3.1/thumb/v7e-m+dp/hard/crti.o
LOAD c:/st/stm32cubeide_1.11.0/stm32cubeide/plugins/com.st.stm32cube.ide.mcu.externaltools.gnu-tools-for-stm32.10.3-2021.10.win32_1.0.200.202301161003/tools/bin/../lib/gcc/arm-none-eabi/10.3.1/thumb/v7e-m+dp/hard/crtbegin.o
LOAD c:/st/stm32cubeide_1.11.0/stm32cubeide/plugins/com.st.stm32cube.ide.mcu.externaltools.gnu-tools-for-stm32.10.3-2021.10.win32_1.0.200.202301161003/tools/bin/../lib/gcc/arm-none-eabi/10.3.1/../../../../arm-none-eabi/lib/thumb/v7e-m+dp/hard/crt0.o
LOAD ./Core/Src/Dev_Inf.o
LOAD ./Core/Src/Loader_Src.o
LOAD ./Core/Src/e2.o
LOAD ./Core/Src/main.o
LOAD ./Core/Src/stm32h7xx_hal_msp.o
LOAD ./Core/Src/stm32h7xx_it.o
LOAD ./Core/Src/syscalls.o
LOAD ./Core/Src/sysmem.o
LOAD ./Core/Src/system_stm32h7xx.o
LOAD ./Core/Startup/startup_stm32h735igkx.o
LOAD ./Drivers/STM32H7xx_HAL_Driver/Src/stm32h7xx_hal.o
LOAD ./Drivers/STM32H7xx_HAL_Driver/Src/stm32h7xx_hal_cortex.o
LOAD ./Drivers/STM32H7xx_HAL_Driver/Src/stm32h7xx_hal_dma.o
LOAD ./Drivers/STM32H7xx_HAL_Driver/Src/stm32h7xx_hal_dma_ex.o
LOAD ./Drivers/STM32H7xx_HAL_Driver/Src/stm32h7xx_hal_exti.o
LOAD ./Drivers/STM32H7xx_HAL_Driver/Src/stm32h7xx_hal_flash.o
LOAD ./Drivers/STM32H7xx_HAL_Driver/Src/stm32h7xx_hal_flash_ex.o
LOAD ./Drivers/STM32H7xx_HAL_Driver/Src/stm32h7xx_hal_gpio.o
LOAD ./Drivers/STM32H7xx_HAL_Driver/Src/stm32h7xx_hal_hsem.o
LOAD ./Drivers/STM32H7xx_HAL_Driver/Src/stm32h7xx_hal_i2c.o
LOAD ./Drivers/STM32H7xx_HAL_Driver/Src/stm32h7xx_hal_i2c_ex.o
LOAD ./Drivers/STM32H7xx_HAL_Driver/Src/stm32h7xx_hal_mdma.o
LOAD ./Drivers/STM32H7xx_HAL_Driver/Src/stm32h7xx_hal_pwr.o
LOAD ./Drivers/STM32H7xx_HAL_Driver/Src/stm32h7xx_hal_pwr_ex.o
LOAD ./Drivers/STM32H7xx_HAL_Driver/Src/stm32h7xx_hal_rcc.o
LOAD ./Drivers/STM32H7xx_HAL_Driver/Src/stm32h7xx_hal_rcc_ex.o
LOAD ./Drivers/STM32H7xx_HAL_Driver/Src/stm32h7xx_hal_tim.o
LOAD ./Drivers/STM32H7xx_HAL_Driver/Src/stm32h7xx_hal_tim_ex.o
START GROUP
LOAD c:/st/stm32cubeide_1.11.0/stm32cubeide/plugins/com.st.stm32cube.ide.mcu.externaltools.gnu-tools-for-stm32.10.3-2021.10.win32_1.0.200.202301161003/tools/bin/../lib/gcc/arm-none-eabi/10.3.1/../../../../arm-none-eabi/lib/thumb/v7e-m+dp/hard\libc_nano.a
LOAD c:/st/stm32cubeide_1.11.0/stm32cubeide/plugins/com.st.stm32cube.ide.mcu.externaltools.gnu-tools-for-stm32.10.3-2021.10.win32_1.0.200.202301161003/tools/bin/../lib/gcc/arm-none-eabi/10.3.1/../../../../arm-none-eabi/lib/thumb/v7e-m+dp/hard\libm.a
END GROUP
START GROUP
LOAD c:/st/stm32cubeide_1.11.0/stm32cubeide/plugins/com.st.stm32cube.ide.mcu.externaltools.gnu-tools-for-stm32.10.3-2021.10.win32_1.0.200.202301161003/tools/bin/../lib/gcc/arm-none-eabi/10.3.1/thumb/v7e-m+dp/hard\libgcc.a
LOAD c:/st/stm32cubeide_1.11.0/stm32cubeide/plugins/com.st.stm32cube.ide.mcu.externaltools.gnu-tools-for-stm32.10.3-2021.10.win32_1.0.200.202301161003/tools/bin/../lib/gcc/arm-none-eabi/10.3.1/../../../../arm-none-eabi/lib/thumb/v7e-m+dp/hard\libc_nano.a
END GROUP
START GROUP
LOAD c:/st/stm32cubeide_1.11.0/stm32cubeide/plugins/com.st.stm32cube.ide.mcu.externaltools.gnu-tools-for-stm32.10.3-2021.10.win32_1.0.200.202301161003/tools/bin/../lib/gcc/arm-none-eabi/10.3.1/thumb/v7e-m+dp/hard\libgcc.a
LOAD c:/st/stm32cubeide_1.11.0/stm32cubeide/plugins/com.st.stm32cube.ide.mcu.externaltools.gnu-tools-for-stm32.10.3-2021.10.win32_1.0.200.202301161003/tools/bin/../lib/gcc/arm-none-eabi/10.3.1/../../../../arm-none-eabi/lib/thumb/v7e-m+dp/hard\libc_nano.a
LOAD c:/st/stm32cubeide_1.11.0/stm32cubeide/plugins/com.st.stm32cube.ide.mcu.externaltools.gnu-tools-for-stm32.10.3-2021.10.win32_1.0.200.202301161003/tools/bin/../lib/gcc/arm-none-eabi/10.3.1/../../../../arm-none-eabi/lib/thumb/v7e-m+dp/hard\libnosys.a
END GROUP
START GROUP
LOAD c:/st/stm32cubeide_1.11.0/stm32cubeide/plugins/com.st.stm32cube.ide.mcu.externaltools.gnu-tools-for-stm32.10.3-2021.10.win32_1.0.200.202301161003/tools/bin/../lib/gcc/arm-none-eabi/10.3.1/thumb/v7e-m+dp/hard\libgcc.a
LOAD c:/st/stm32cubeide_1.11.0/stm32cubeide/plugins/com.st.stm32cube.ide.mcu.externaltools.gnu-tools-for-stm32.10.3-2021.10.win32_1.0.200.202301161003/tools/bin/../lib/gcc/arm-none-eabi/10.3.1/../../../../arm-none-eabi/lib/thumb/v7e-m+dp/hard\libc_nano.a
LOAD c:/st/stm32cubeide_1.11.0/stm32cubeide/plugins/com.st.stm32cube.ide.mcu.externaltools.gnu-tools-for-stm32.10.3-2021.10.win32_1.0.200.202301161003/tools/bin/../lib/gcc/arm-none-eabi/10.3.1/../../../../arm-none-eabi/lib/thumb/v7e-m+dp/hard\libnosys.a
END GROUP
LOAD c:/st/stm32cubeide_1.11.0/stm32cubeide/plugins/com.st.stm32cube.ide.mcu.externaltools.gnu-tools-for-stm32.10.3-2021.10.win32_1.0.200.202301161003/tools/bin/../lib/gcc/arm-none-eabi/10.3.1/thumb/v7e-m+dp/hard/crtend.o
LOAD c:/st/stm32cubeide_1.11.0/stm32cubeide/plugins/com.st.stm32cube.ide.mcu.externaltools.gnu-tools-for-stm32.10.3-2021.10.win32_1.0.200.202301161003/tools/bin/../lib/gcc/arm-none-eabi/10.3.1/thumb/v7e-m+dp/hard/crtn.o
                0x0000000024009000                _estack = (ORIGIN (RAM_D1) + LENGTH (RAM_D1))
                0x0000000000000200                _Min_Heap_Size = 0x200
                0x0000000000000400                _Min_Stack_Size = 0x400

.isr_vector     0x0000000024000000      0x2cc
                0x0000000024000000                . = ALIGN (0x4)
 *(.isr_vector)
 .isr_vector    0x0000000024000000      0x2cc ./Core/Startup/startup_stm32h735igkx.o
                0x0000000024000000                g_pfnVectors
                0x00000000240002cc                . = ALIGN (0x4)

.ARM.extab
 *(.ARM.extab* .gnu.linkonce.armextab.*)

.ARM            0x00000000240002cc        0x0
                0x00000000240002cc                __exidx_start = .
 *(.ARM.exidx*)
                0x00000000240002cc                __exidx_end = .

.preinit_array  0x00000000240002cc        0x0
                0x00000000240002cc                PROVIDE (__preinit_array_start = .)
 *(.preinit_array*)
                0x00000000240002cc                PROVIDE (__preinit_array_end = .)

.init_array     0x00000000240002cc        0x4
                0x00000000240002cc                PROVIDE (__init_array_start = .)
 *(SORT_BY_NAME(.init_array.*))
 *(.init_array*)
 .init_array    0x00000000240002cc        0x4 c:/st/stm32cubeide_1.11.0/stm32cubeide/plugins/com.st.stm32cube.ide.mcu.externaltools.gnu-tools-for-stm32.10.3-2021.10.win32_1.0.200.202301161003/tools/bin/../lib/gcc/arm-none-eabi/10.3.1/thumb/v7e-m+dp/hard/crtbegin.o
                0x00000000240002d0                PROVIDE (__init_array_end = .)

.fini_array     0x00000000240002d0        0x4
                [!provide]                        PROVIDE (__fini_array_start = .)
 *(SORT_BY_NAME(.fini_array.*))
 *(.fini_array*)
 .fini_array    0x00000000240002d0        0x4 c:/st/stm32cubeide_1.11.0/stm32cubeide/plugins/com.st.stm32cube.ide.mcu.externaltools.gnu-tools-for-stm32.10.3-2021.10.win32_1.0.200.202301161003/tools/bin/../lib/gcc/arm-none-eabi/10.3.1/thumb/v7e-m+dp/hard/crtbegin.o
                [!provide]                        PROVIDE (__fini_array_end = .)
                0x00000000240002d4                _sidata = LOADADDR (.data)

.data           0x00000000240002d4       0x10
                0x00000000240002d4                . = ALIGN (0x4)
                0x00000000240002d4                _sdata = .
 *(.data)
 *(.data*)
 .data.SystemCoreClock
                0x00000000240002d4        0x4 ./Core/Src/system_stm32h7xx.o
                0x00000000240002d4                SystemCoreClock
 .data.SystemD2Clock
                0x00000000240002d8        0x4 ./Core/Src/system_stm32h7xx.o
                0x00000000240002d8                SystemD2Clock
 .data.uwTickPrio
                0x00000000240002dc        0x4 ./Drivers/STM32H7xx_HAL_Driver/Src/stm32h7xx_hal.o
                0x00000000240002dc                uwTickPrio
 .data.uwTickFreq
                0x00000000240002e0        0x1 ./Drivers/STM32H7xx_HAL_Driver/Src/stm32h7xx_hal.o
                0x00000000240002e0                uwTickFreq
                0x00000000240002e4                . = ALIGN (0x4)
 *fill*         0x00000000240002e1        0x3 
                0x00000000240002e4                _edata = .

.igot.plt       0x00000000240002e4        0x0
 .igot.plt      0x00000000240002e4        0x0 c:/st/stm32cubeide_1.11.0/stm32cubeide/plugins/com.st.stm32cube.ide.mcu.externaltools.gnu-tools-for-stm32.10.3-2021.10.win32_1.0.200.202301161003/tools/bin/../lib/gcc/arm-none-eabi/10.3.1/thumb/v7e-m+dp/hard/crtbegin.o
                0x00000000240002e4                . = ALIGN (0x4)

.bss            0x00000000240002e4       0x74
                0x00000000240002e4                _sbss = .
                0x00000000240002e4                __bss_start__ = _sbss
 *(.bss)
 .bss           0x00000000240002e4       0x1c c:/st/stm32cubeide_1.11.0/stm32cubeide/plugins/com.st.stm32cube.ide.mcu.externaltools.gnu-tools-for-stm32.10.3-2021.10.win32_1.0.200.202301161003/tools/bin/../lib/gcc/arm-none-eabi/10.3.1/thumb/v7e-m+dp/hard/crtbegin.o
 *(.bss*)
 .bss.hi2c2     0x0000000024000300       0x54 ./Core/Src/main.o
                0x0000000024000300                hi2c2
 .bss.uwTick    0x0000000024000354        0x4 ./Drivers/STM32H7xx_HAL_Driver/Src/stm32h7xx_hal.o
                0x0000000024000354                uwTick
 *(COMMON)
                0x0000000024000358                . = ALIGN (0x4)
                0x0000000024000358                _ebss = .
                0x0000000024000358                __bss_end__ = _ebss

.text           0x0000000024000358     0x4224
                0x0000000024000358                . = ALIGN (0x4)
 *(.text)
 .text          0x0000000024000358       0x40 c:/st/stm32cubeide_1.11.0/stm32cubeide/plugins/com.st.stm32cube.ide.mcu.externaltools.gnu-tools-for-stm32.10.3-2021.10.win32_1.0.200.202301161003/tools/bin/../lib/gcc/arm-none-eabi/10.3.1/thumb/v7e-m+dp/hard/crtbegin.o
 .text          0x0000000024000398        0x0 ./Core/Src/Loader_Src.o
 .text          0x0000000024000398        0x0 ./Core/Src/e2.o
 .text          0x0000000024000398        0x0 ./Core/Src/main.o
 *(.text*)
 .text.Init     0x0000000024000398       0x16 ./Core/Src/Loader_Src.o
                0x0000000024000398                Init
 *fill*         0x00000000240003ae        0x2 
 .text.Write    0x00000000240003b0       0x40 ./Core/Src/Loader_Src.o
                0x00000000240003b0                Write
 .text.Read     0x00000000240003f0       0x40 ./Core/Src/Loader_Src.o
                0x00000000240003f0                Read
 .text.SectorErase
                0x0000000024000430       0x18 ./Core/Src/Loader_Src.o
                0x0000000024000430                SectorErase
 .text.MassErase
                0x0000000024000448       0x10 ./Core/Src/Loader_Src.o
                0x0000000024000448                MassErase
 .text.CheckSum
                0x0000000024000458       0x1a ./Core/Src/Loader_Src.o
                0x0000000024000458                CheckSum
 .text.Verify   0x0000000024000472       0x24 ./Core/Src/Loader_Src.o
                0x0000000024000472                Verify
 *fill*         0x0000000024000496        0x2 
 .text.E2_Read  0x0000000024000498       0x8c ./Core/Src/e2.o
                0x0000000024000498                E2_Read
 .text.E2_Write
                0x0000000024000524      0x160 ./Core/Src/e2.o
                0x0000000024000524                E2_Write
 .text.main     0x0000000024000684       0x16 ./Core/Src/main.o
                0x0000000024000684                main
 *fill*         0x000000002400069a        0x2 
 .text.SystemClock_Config
                0x000000002400069c       0xe0 ./Core/Src/main.o
                0x000000002400069c                SystemClock_Config
 .text.MX_I2C2_Init
                0x000000002400077c       0x80 ./Core/Src/main.o
 .text.MX_GPIO_Init
                0x00000000240007fc       0xe4 ./Core/Src/main.o
 .text.MX_I2C2_Init_External
                0x00000000240008e0        0xc ./Core/Src/main.o
                0x00000000240008e0                MX_I2C2_Init_External
 .text.Error_Handler
                0x00000000240008ec        0xa ./Core/Src/main.o
                0x00000000240008ec                Error_Handler
 *fill*         0x00000000240008f6        0x2 
 .text.HAL_MspInit
                0x00000000240008f8       0x34 ./Core/Src/stm32h7xx_hal_msp.o
                0x00000000240008f8                HAL_MspInit
 .text.HAL_I2C_MspInit
                0x000000002400092c       0xd4 ./Core/Src/stm32h7xx_hal_msp.o
                0x000000002400092c                HAL_I2C_MspInit
 .text.NMI_Handler
                0x0000000024000a00        0x6 ./Core/Src/stm32h7xx_it.o
                0x0000000024000a00                NMI_Handler
 .text.HardFault_Handler
                0x0000000024000a06        0x6 ./Core/Src/stm32h7xx_it.o
                0x0000000024000a06                HardFault_Handler
 .text.MemManage_Handler
                0x0000000024000a0c        0x6 ./Core/Src/stm32h7xx_it.o
                0x0000000024000a0c                MemManage_Handler
 .text.BusFault_Handler
                0x0000000024000a12        0x6 ./Core/Src/stm32h7xx_it.o
                0x0000000024000a12                BusFault_Handler
 .text.UsageFault_Handler
                0x0000000024000a18        0x6 ./Core/Src/stm32h7xx_it.o
                0x0000000024000a18                UsageFault_Handler
 .text.SVC_Handler
                0x0000000024000a1e        0xe ./Core/Src/stm32h7xx_it.o
                0x0000000024000a1e                SVC_Handler
 .text.DebugMon_Handler
                0x0000000024000a2c        0xe ./Core/Src/stm32h7xx_it.o
                0x0000000024000a2c                DebugMon_Handler
 .text.PendSV_Handler
                0x0000000024000a3a        0xe ./Core/Src/stm32h7xx_it.o
                0x0000000024000a3a                PendSV_Handler
 .text.SysTick_Handler
                0x0000000024000a48        0xc ./Core/Src/stm32h7xx_it.o
                0x0000000024000a48                SysTick_Handler
 .text.SystemInit
                0x0000000024000a54       0xf8 ./Core/Src/system_stm32h7xx.o
                0x0000000024000a54                SystemInit
 .text.Reset_Handler
                0x0000000024000b4c       0x50 ./Core/Startup/startup_stm32h735igkx.o
                0x0000000024000b4c                Reset_Handler
 .text.Default_Handler
                0x0000000024000b9c        0x2 ./Core/Startup/startup_stm32h735igkx.o
                0x0000000024000b9c                RTC_Alarm_IRQHandler
                0x0000000024000b9c                HASH_RNG_IRQHandler
                0x0000000024000b9c                EXTI2_IRQHandler
                0x0000000024000b9c                TIM8_CC_IRQHandler
                0x0000000024000b9c                UART8_IRQHandler
                0x0000000024000b9c                SPI4_IRQHandler
                0x0000000024000b9c                FDCAN3_IT0_IRQHandler
                0x0000000024000b9c                TIM1_CC_IRQHandler
                0x0000000024000b9c                BDMA_Channel6_IRQHandler
                0x0000000024000b9c                DMA2_Stream5_IRQHandler
                0x0000000024000b9c                DMA1_Stream5_IRQHandler
                0x0000000024000b9c                CORDIC_IRQHandler
                0x0000000024000b9c                BDMA_Channel1_IRQHandler
                0x0000000024000b9c                TAMP_STAMP_IRQHandler
                0x0000000024000b9c                EXTI3_IRQHandler
                0x0000000024000b9c                LPTIM4_IRQHandler
                0x0000000024000b9c                TIM8_TRG_COM_TIM14_IRQHandler
                0x0000000024000b9c                LPTIM2_IRQHandler
                0x0000000024000b9c                DFSDM1_FLT1_IRQHandler
                0x0000000024000b9c                DMAMUX2_OVR_IRQHandler
                0x0000000024000b9c                TIM8_UP_TIM13_IRQHandler
                0x0000000024000b9c                I2C3_ER_IRQHandler
                0x0000000024000b9c                DFSDM1_FLT2_IRQHandler
                0x0000000024000b9c                I2C5_EV_IRQHandler
                0x0000000024000b9c                USART10_IRQHandler
                0x0000000024000b9c                MDMA_IRQHandler
                0x0000000024000b9c                LPTIM3_IRQHandler
                0x0000000024000b9c                HSEM1_IRQHandler
                0x0000000024000b9c                EXTI0_IRQHandler
                0x0000000024000b9c                I2C2_EV_IRQHandler
                0x0000000024000b9c                DMA1_Stream2_IRQHandler
                0x0000000024000b9c                FPU_IRQHandler
                0x0000000024000b9c                OTG_HS_WKUP_IRQHandler
                0x0000000024000b9c                FDCAN1_IT1_IRQHandler
                0x0000000024000b9c                LTDC_ER_IRQHandler
                0x0000000024000b9c                DMA2_Stream2_IRQHandler
                0x0000000024000b9c                SPI1_IRQHandler
                0x0000000024000b9c                OCTOSPI1_IRQHandler
                0x0000000024000b9c                TIM6_DAC_IRQHandler
                0x0000000024000b9c                DMA2_Stream3_IRQHandler
                0x0000000024000b9c                OCTOSPI2_IRQHandler
                0x0000000024000b9c                DFSDM1_FLT3_IRQHandler
                0x0000000024000b9c                TIM23_IRQHandler
                0x0000000024000b9c                USART6_IRQHandler
                0x0000000024000b9c                TIM17_IRQHandler
                0x0000000024000b9c                USART3_IRQHandler
                0x0000000024000b9c                BDMA_Channel7_IRQHandler
                0x0000000024000b9c                CRYP_IRQHandler
                0x0000000024000b9c                LPTIM5_IRQHandler
                0x0000000024000b9c                UART5_IRQHandler
                0x0000000024000b9c                ADC3_IRQHandler
                0x0000000024000b9c                DMA2_Stream0_IRQHandler
                0x0000000024000b9c                TIM4_IRQHandler
                0x0000000024000b9c                BDMA_Channel2_IRQHandler
                0x0000000024000b9c                I2C1_EV_IRQHandler
                0x0000000024000b9c                DMA1_Stream6_IRQHandler
                0x0000000024000b9c                DMAMUX1_OVR_IRQHandler
                0x0000000024000b9c                DMA1_Stream1_IRQHandler
                0x0000000024000b9c                TIM16_IRQHandler
                0x0000000024000b9c                UART4_IRQHandler
                0x0000000024000b9c                BDMA_Channel5_IRQHandler
                0x0000000024000b9c                TIM3_IRQHandler
                0x0000000024000b9c                RCC_IRQHandler
                0x0000000024000b9c                UART9_IRQHandler
                0x0000000024000b9c                TIM8_BRK_TIM12_IRQHandler
                0x0000000024000b9c                TIM1_TRG_COM_IRQHandler
                0x0000000024000b9c                Default_Handler
                0x0000000024000b9c                ECC_IRQHandler
                0x0000000024000b9c                FMAC_IRQHandler
                0x0000000024000b9c                CEC_IRQHandler
                0x0000000024000b9c                EXTI15_10_IRQHandler
                0x0000000024000b9c                BDMA_Channel0_IRQHandler
                0x0000000024000b9c                ADC_IRQHandler
                0x0000000024000b9c                I2C5_ER_IRQHandler
                0x0000000024000b9c                OTFDEC1_IRQHandler
                0x0000000024000b9c                DMA1_Stream7_IRQHandler
                0x0000000024000b9c                SPI5_IRQHandler
                0x0000000024000b9c                TIM7_IRQHandler
                0x0000000024000b9c                FDCAN3_IT1_IRQHandler
                0x0000000024000b9c                SDMMC1_IRQHandler
                0x0000000024000b9c                TIM5_IRQHandler
                0x0000000024000b9c                DMA2_Stream7_IRQHandler
                0x0000000024000b9c                TIM15_IRQHandler
                0x0000000024000b9c                PVD_AVD_IRQHandler
                0x0000000024000b9c                I2C3_EV_IRQHandler
                0x0000000024000b9c                EXTI9_5_IRQHandler
                0x0000000024000b9c                RTC_WKUP_IRQHandler
                0x0000000024000b9c                LTDC_IRQHandler
                0x0000000024000b9c                ETH_WKUP_IRQHandler
                0x0000000024000b9c                SPDIF_RX_IRQHandler
                0x0000000024000b9c                SPI2_IRQHandler
                0x0000000024000b9c                OTG_HS_EP1_IN_IRQHandler
                0x0000000024000b9c                DMA1_Stream0_IRQHandler
                0x0000000024000b9c                OTFDEC2_IRQHandler
                0x0000000024000b9c                TIM24_IRQHandler
                0x0000000024000b9c                CRS_IRQHandler
                0x0000000024000b9c                EXTI4_IRQHandler
                0x0000000024000b9c                FDCAN2_IT1_IRQHandler
                0x0000000024000b9c                ETH_IRQHandler
                0x0000000024000b9c                TIM1_UP_IRQHandler
                0x0000000024000b9c                BDMA_Channel4_IRQHandler
                0x0000000024000b9c                OTG_HS_EP1_OUT_IRQHandler
                0x0000000024000b9c                WWDG_IRQHandler
                0x0000000024000b9c                SPI6_IRQHandler
                0x0000000024000b9c                MDIOS_IRQHandler
                0x0000000024000b9c                I2C4_EV_IRQHandler
                0x0000000024000b9c                FDCAN2_IT0_IRQHandler
                0x0000000024000b9c                LPUART1_IRQHandler
                0x0000000024000b9c                FDCAN1_IT0_IRQHandler
                0x0000000024000b9c                TIM2_IRQHandler
                0x0000000024000b9c                OTG_HS_IRQHandler
                0x0000000024000b9c                DMA2D_IRQHandler
                0x0000000024000b9c                TIM1_BRK_IRQHandler
                0x0000000024000b9c                EXTI1_IRQHandler
                0x0000000024000b9c                SDMMC2_IRQHandler
                0x0000000024000b9c                BDMA_Channel3_IRQHandler
                0x0000000024000b9c                DTS_IRQHandler
                0x0000000024000b9c                UART7_IRQHandler
                0x0000000024000b9c                MDIOS_WKUP_IRQHandler
                0x0000000024000b9c                USART2_IRQHandler
                0x0000000024000b9c                DFSDM1_FLT0_IRQHandler
                0x0000000024000b9c                SAI4_IRQHandler
                0x0000000024000b9c                I2C2_ER_IRQHandler
                0x0000000024000b9c                DMA2_Stream1_IRQHandler
                0x0000000024000b9c                FLASH_IRQHandler
                0x0000000024000b9c                DMA2_Stream4_IRQHandler
                0x0000000024000b9c                USART1_IRQHandler
                0x0000000024000b9c                SPI3_IRQHandler
                0x0000000024000b9c                WAKEUP_PIN_IRQHandler
                0x0000000024000b9c                DMA1_Stream4_IRQHandler
                0x0000000024000b9c                I2C1_ER_IRQHandler
                0x0000000024000b9c                FMC_IRQHandler
                0x0000000024000b9c                FDCAN_CAL_IRQHandler
                0x0000000024000b9c                SWPMI1_IRQHandler
                0x0000000024000b9c                COMP1_IRQHandler
                0x0000000024000b9c                LPTIM1_IRQHandler
                0x0000000024000b9c                DCMI_PSSI_IRQHandler
                0x0000000024000b9c                I2C4_ER_IRQHandler
                0x0000000024000b9c                DMA2_Stream6_IRQHandler
                0x0000000024000b9c                SAI1_IRQHandler
                0x0000000024000b9c                DMA1_Stream3_IRQHandler
 *fill*         0x0000000024000b9e        0x2 
 .text.HAL_Init
                0x0000000024000ba0       0x78 ./Drivers/STM32H7xx_HAL_Driver/Src/stm32h7xx_hal.o
                0x0000000024000ba0                HAL_Init
 .text.HAL_InitTick
                0x0000000024000c18       0x6c ./Drivers/STM32H7xx_HAL_Driver/Src/stm32h7xx_hal.o
                0x0000000024000c18                HAL_InitTick
 .text.HAL_IncTick
                0x0000000024000c84       0x28 ./Drivers/STM32H7xx_HAL_Driver/Src/stm32h7xx_hal.o
                0x0000000024000c84                HAL_IncTick
 .text.HAL_GetTick
                0x0000000024000cac       0x18 ./Drivers/STM32H7xx_HAL_Driver/Src/stm32h7xx_hal.o
                0x0000000024000cac                HAL_GetTick
 .text.__NVIC_SetPriorityGrouping
                0x0000000024000cc4       0x48 ./Drivers/STM32H7xx_HAL_Driver/Src/stm32h7xx_hal_cortex.o
 .text.__NVIC_GetPriorityGrouping
                0x0000000024000d0c       0x1c ./Drivers/STM32H7xx_HAL_Driver/Src/stm32h7xx_hal_cortex.o
 .text.__NVIC_SetPriority
                0x0000000024000d28       0x54 ./Drivers/STM32H7xx_HAL_Driver/Src/stm32h7xx_hal_cortex.o
 .text.NVIC_EncodePriority
                0x0000000024000d7c       0x66 ./Drivers/STM32H7xx_HAL_Driver/Src/stm32h7xx_hal_cortex.o
 *fill*         0x0000000024000de2        0x2 
 .text.SysTick_Config
                0x0000000024000de4       0x44 ./Drivers/STM32H7xx_HAL_Driver/Src/stm32h7xx_hal_cortex.o
 .text.HAL_NVIC_SetPriorityGrouping
                0x0000000024000e28       0x16 ./Drivers/STM32H7xx_HAL_Driver/Src/stm32h7xx_hal_cortex.o
                0x0000000024000e28                HAL_NVIC_SetPriorityGrouping
 .text.HAL_NVIC_SetPriority
                0x0000000024000e3e       0x34 ./Drivers/STM32H7xx_HAL_Driver/Src/stm32h7xx_hal_cortex.o
                0x0000000024000e3e                HAL_NVIC_SetPriority
 .text.HAL_SYSTICK_Config
                0x0000000024000e72       0x18 ./Drivers/STM32H7xx_HAL_Driver/Src/stm32h7xx_hal_cortex.o
                0x0000000024000e72                HAL_SYSTICK_Config
 *fill*         0x0000000024000e8a        0x2 
 .text.HAL_GPIO_Init
                0x0000000024000e8c      0x350 ./Drivers/STM32H7xx_HAL_Driver/Src/stm32h7xx_hal_gpio.o
                0x0000000024000e8c                HAL_GPIO_Init
 .text.HAL_GPIO_WritePin
                0x00000000240011dc       0x32 ./Drivers/STM32H7xx_HAL_Driver/Src/stm32h7xx_hal_gpio.o
                0x00000000240011dc                HAL_GPIO_WritePin
 *fill*         0x000000002400120e        0x2 
 .text.HAL_I2C_Init
                0x0000000024001210      0x120 ./Drivers/STM32H7xx_HAL_Driver/Src/stm32h7xx_hal_i2c.o
                0x0000000024001210                HAL_I2C_Init
 .text.HAL_I2C_Mem_Write
                0x0000000024001330      0x228 ./Drivers/STM32H7xx_HAL_Driver/Src/stm32h7xx_hal_i2c.o
                0x0000000024001330                HAL_I2C_Mem_Write
 .text.HAL_I2C_Mem_Read
                0x0000000024001558      0x234 ./Drivers/STM32H7xx_HAL_Driver/Src/stm32h7xx_hal_i2c.o
                0x0000000024001558                HAL_I2C_Mem_Read
 .text.HAL_I2C_IsDeviceReady
                0x000000002400178c      0x210 ./Drivers/STM32H7xx_HAL_Driver/Src/stm32h7xx_hal_i2c.o
                0x000000002400178c                HAL_I2C_IsDeviceReady
 .text.I2C_RequestMemoryWrite
                0x000000002400199c       0xa8 ./Drivers/STM32H7xx_HAL_Driver/Src/stm32h7xx_hal_i2c.o
 .text.I2C_RequestMemoryRead
                0x0000000024001a44       0xa8 ./Drivers/STM32H7xx_HAL_Driver/Src/stm32h7xx_hal_i2c.o
 .text.I2C_Flush_TXDR
                0x0000000024001aec       0x48 ./Drivers/STM32H7xx_HAL_Driver/Src/stm32h7xx_hal_i2c.o
 .text.I2C_WaitOnFlagUntilTimeout
                0x0000000024001b34       0x9e ./Drivers/STM32H7xx_HAL_Driver/Src/stm32h7xx_hal_i2c.o
 .text.I2C_WaitOnTXISFlagUntilTimeout
                0x0000000024001bd2       0x8e ./Drivers/STM32H7xx_HAL_Driver/Src/stm32h7xx_hal_i2c.o
 .text.I2C_WaitOnSTOPFlagUntilTimeout
                0x0000000024001c60       0x86 ./Drivers/STM32H7xx_HAL_Driver/Src/stm32h7xx_hal_i2c.o
 *fill*         0x0000000024001ce6        0x2 
 .text.I2C_IsErrorOccurred
                0x0000000024001ce8      0x1c0 ./Drivers/STM32H7xx_HAL_Driver/Src/stm32h7xx_hal_i2c.o
 .text.I2C_TransferConfig
                0x0000000024001ea8       0x64 ./Drivers/STM32H7xx_HAL_Driver/Src/stm32h7xx_hal_i2c.o
 .text.HAL_I2CEx_ConfigAnalogFilter
                0x0000000024001f0c       0x96 ./Drivers/STM32H7xx_HAL_Driver/Src/stm32h7xx_hal_i2c_ex.o
                0x0000000024001f0c                HAL_I2CEx_ConfigAnalogFilter
 .text.HAL_I2CEx_ConfigDigitalFilter
                0x0000000024001fa2       0x98 ./Drivers/STM32H7xx_HAL_Driver/Src/stm32h7xx_hal_i2c_ex.o
                0x0000000024001fa2                HAL_I2CEx_ConfigDigitalFilter
 *fill*         0x000000002400203a        0x2 
 .text.HAL_PWREx_ConfigSupply
                0x000000002400203c       0xb4 ./Drivers/STM32H7xx_HAL_Driver/Src/stm32h7xx_hal_pwr_ex.o
                0x000000002400203c                HAL_PWREx_ConfigSupply
 .text.HAL_RCC_OscConfig
                0x00000000240020f0      0x7b4 ./Drivers/STM32H7xx_HAL_Driver/Src/stm32h7xx_hal_rcc.o
                0x00000000240020f0                HAL_RCC_OscConfig
 .text.HAL_RCC_ClockConfig
                0x00000000240028a4      0x36c ./Drivers/STM32H7xx_HAL_Driver/Src/stm32h7xx_hal_rcc.o
                0x00000000240028a4                HAL_RCC_ClockConfig
 .text.HAL_RCC_GetSysClockFreq
                0x0000000024002c10      0x2f4 ./Drivers/STM32H7xx_HAL_Driver/Src/stm32h7xx_hal_rcc.o
                0x0000000024002c10                HAL_RCC_GetSysClockFreq
 .text.HAL_RCCEx_PeriphCLKConfig
                0x0000000024002f04     0x1340 ./Drivers/STM32H7xx_HAL_Driver/Src/stm32h7xx_hal_rcc_ex.o
                0x0000000024002f04                HAL_RCCEx_PeriphCLKConfig
 .text.RCCEx_PLL2_Config
                0x0000000024004244      0x164 ./Drivers/STM32H7xx_HAL_Driver/Src/stm32h7xx_hal_rcc_ex.o
 .text.RCCEx_PLL3_Config
                0x00000000240043a8      0x164 ./Drivers/STM32H7xx_HAL_Driver/Src/stm32h7xx_hal_rcc_ex.o
 .text.__libc_init_array
                0x000000002400450c       0x48 c:/st/stm32cubeide_1.11.0/stm32cubeide/plugins/com.st.stm32cube.ide.mcu.externaltools.gnu-tools-for-stm32.10.3-2021.10.win32_1.0.200.202301161003/tools/bin/../lib/gcc/arm-none-eabi/10.3.1/../../../../arm-none-eabi/lib/thumb/v7e-m+dp/hard\libc_nano.a(lib_a-init.o)
                0x000000002400450c                __libc_init_array
 .text.memset   0x0000000024004554       0x10 c:/st/stm32cubeide_1.11.0/stm32cubeide/plugins/com.st.stm32cube.ide.mcu.externaltools.gnu-tools-for-stm32.10.3-2021.10.win32_1.0.200.202301161003/tools/bin/../lib/gcc/arm-none-eabi/10.3.1/../../../../arm-none-eabi/lib/thumb/v7e-m+dp/hard\libc_nano.a(lib_a-memset.o)
                0x0000000024004554                memset
 *(.glue_7)
 .glue_7        0x0000000024004564        0x0 linker stubs
 *(.glue_7t)
 .glue_7t       0x0000000024004564        0x0 linker stubs
 *(.eh_frame)
 .eh_frame      0x0000000024004564        0x0 c:/st/stm32cubeide_1.11.0/stm32cubeide/plugins/com.st.stm32cube.ide.mcu.externaltools.gnu-tools-for-stm32.10.3-2021.10.win32_1.0.200.202301161003/tools/bin/../lib/gcc/arm-none-eabi/10.3.1/thumb/v7e-m+dp/hard/crtbegin.o
 *(.init)
 .init          0x0000000024004564        0x4 c:/st/stm32cubeide_1.11.0/stm32cubeide/plugins/com.st.stm32cube.ide.mcu.externaltools.gnu-tools-for-stm32.10.3-2021.10.win32_1.0.200.202301161003/tools/bin/../lib/gcc/arm-none-eabi/10.3.1/thumb/v7e-m+dp/hard/crti.o
                0x0000000024004564                _init
 .init          0x0000000024004568        0x8 c:/st/stm32cubeide_1.11.0/stm32cubeide/plugins/com.st.stm32cube.ide.mcu.externaltools.gnu-tools-for-stm32.10.3-2021.10.win32_1.0.200.202301161003/tools/bin/../lib/gcc/arm-none-eabi/10.3.1/thumb/v7e-m+dp/hard/crtn.o
 *(.fini)
 .fini          0x0000000024004570        0x4 c:/st/stm32cubeide_1.11.0/stm32cubeide/plugins/com.st.stm32cube.ide.mcu.externaltools.gnu-tools-for-stm32.10.3-2021.10.win32_1.0.200.202301161003/tools/bin/../lib/gcc/arm-none-eabi/10.3.1/thumb/v7e-m+dp/hard/crti.o
                0x0000000024004570                _fini
 .fini          0x0000000024004574        0x8 c:/st/stm32cubeide_1.11.0/stm32cubeide/plugins/com.st.stm32cube.ide.mcu.externaltools.gnu-tools-for-stm32.10.3-2021.10.win32_1.0.200.202301161003/tools/bin/../lib/gcc/arm-none-eabi/10.3.1/thumb/v7e-m+dp/hard/crtn.o
 *main.o(.text*)
 *e2.o(.text*)
 *Loader_Src.o(.text*)
                0x000000002400457c                . = ALIGN (0x4)
                0x000000002400457c                _etext = .

.vfp11_veneer   0x000000002400457c        0x0
 .vfp11_veneer  0x000000002400457c        0x0 linker stubs

.v4_bx          0x000000002400457c        0x0
 .v4_bx         0x000000002400457c        0x0 linker stubs

.iplt           0x000000002400457c        0x0
 .iplt          0x000000002400457c        0x0 c:/st/stm32cubeide_1.11.0/stm32cubeide/plugins/com.st.stm32cube.ide.mcu.externaltools.gnu-tools-for-stm32.10.3-2021.10.win32_1.0.200.202301161003/tools/bin/../lib/gcc/arm-none-eabi/10.3.1/thumb/v7e-m+dp/hard/crtbegin.o

.Dev_Info       0x000000002400457c       0xc8
                0x000000002400457c                __Dev_info_START = .
 *(.Dev_info*)
 .Dev_info      0x000000002400457c       0xc8 ./Core/Src/Dev_Inf.o
                0x000000002400457c                StorageInfo
 *(.Dev_info)
                0x0000000024004644                __Dev_info_END = .

.rodata         0x0000000024004644       0x10
                0x0000000024004644                . = ALIGN (0x4)
 *(.rodata)
 *(.rodata*)
 .rodata.D1CorePrescTable
                0x0000000024004644       0x10 ./Core/Src/system_stm32h7xx.o
                0x0000000024004644                D1CorePrescTable
                0x0000000024004654                . = ALIGN (0x4)

.rel.dyn        0x0000000024004654        0x0
 .rel.iplt      0x0000000024004654        0x0 c:/st/stm32cubeide_1.11.0/stm32cubeide/plugins/com.st.stm32cube.ide.mcu.externaltools.gnu-tools-for-stm32.10.3-2021.10.win32_1.0.200.202301161003/tools/bin/../lib/gcc/arm-none-eabi/10.3.1/thumb/v7e-m+dp/hard/crtbegin.o

._user_heap_stack
                0x0000000024004654      0x604
                0x0000000024004658                . = ALIGN (0x8)
 *fill*         0x0000000024004654        0x4 
                [!provide]                        PROVIDE (end = .)
                0x0000000024004658                PROVIDE (_end = .)
                0x0000000024004858                . = (. + _Min_Heap_Size)
 *fill*         0x0000000024004658      0x200 
                0x0000000024004c58                . = (. + _Min_Stack_Size)
 *fill*         0x0000000024004858      0x400 
                0x0000000024004c58                . = ALIGN (0x8)

/DISCARD/
 libc.a(*)
 libm.a(*)
 libgcc.a(*)

.ARM.attributes
                0x0000000000000000       0x2e
 *(.ARM.attributes)
 .ARM.attributes
                0x0000000000000000       0x1e c:/st/stm32cubeide_1.11.0/stm32cubeide/plugins/com.st.stm32cube.ide.mcu.externaltools.gnu-tools-for-stm32.10.3-2021.10.win32_1.0.200.202301161003/tools/bin/../lib/gcc/arm-none-eabi/10.3.1/thumb/v7e-m+dp/hard/crti.o
 .ARM.attributes
                0x000000000000001e       0x32 c:/st/stm32cubeide_1.11.0/stm32cubeide/plugins/com.st.stm32cube.ide.mcu.externaltools.gnu-tools-for-stm32.10.3-2021.10.win32_1.0.200.202301161003/tools/bin/../lib/gcc/arm-none-eabi/10.3.1/thumb/v7e-m+dp/hard/crtbegin.o
 .ARM.attributes
                0x0000000000000050       0x32 ./Core/Src/Dev_Inf.o
 .ARM.attributes
                0x0000000000000082       0x32 ./Core/Src/Loader_Src.o
 .ARM.attributes
                0x00000000000000b4       0x32 ./Core/Src/e2.o
 .ARM.attributes
                0x00000000000000e6       0x32 ./Core/Src/main.o
 .ARM.attributes
                0x0000000000000118       0x32 ./Core/Src/stm32h7xx_hal_msp.o
 .ARM.attributes
                0x000000000000014a       0x32 ./Core/Src/stm32h7xx_it.o
 .ARM.attributes
                0x000000000000017c       0x32 ./Core/Src/system_stm32h7xx.o
 .ARM.attributes
                0x00000000000001ae       0x21 ./Core/Startup/startup_stm32h735igkx.o
 .ARM.attributes
                0x00000000000001cf       0x32 ./Drivers/STM32H7xx_HAL_Driver/Src/stm32h7xx_hal.o
 .ARM.attributes
                0x0000000000000201       0x32 ./Drivers/STM32H7xx_HAL_Driver/Src/stm32h7xx_hal_cortex.o
 .ARM.attributes
                0x0000000000000233       0x32 ./Drivers/STM32H7xx_HAL_Driver/Src/stm32h7xx_hal_gpio.o
 .ARM.attributes
                0x0000000000000265       0x32 ./Drivers/STM32H7xx_HAL_Driver/Src/stm32h7xx_hal_i2c.o
 .ARM.attributes
                0x0000000000000297       0x32 ./Drivers/STM32H7xx_HAL_Driver/Src/stm32h7xx_hal_i2c_ex.o
 .ARM.attributes
                0x00000000000002c9       0x32 ./Drivers/STM32H7xx_HAL_Driver/Src/stm32h7xx_hal_pwr_ex.o
 .ARM.attributes
                0x00000000000002fb       0x32 ./Drivers/STM32H7xx_HAL_Driver/Src/stm32h7xx_hal_rcc.o
 .ARM.attributes
                0x000000000000032d       0x32 ./Drivers/STM32H7xx_HAL_Driver/Src/stm32h7xx_hal_rcc_ex.o
 .ARM.attributes
                0x000000000000035f       0x32 c:/st/stm32cubeide_1.11.0/stm32cubeide/plugins/com.st.stm32cube.ide.mcu.externaltools.gnu-tools-for-stm32.10.3-2021.10.win32_1.0.200.202301161003/tools/bin/../lib/gcc/arm-none-eabi/10.3.1/../../../../arm-none-eabi/lib/thumb/v7e-m+dp/hard\libc_nano.a(lib_a-init.o)
 .ARM.attributes
                0x0000000000000391       0x32 c:/st/stm32cubeide_1.11.0/stm32cubeide/plugins/com.st.stm32cube.ide.mcu.externaltools.gnu-tools-for-stm32.10.3-2021.10.win32_1.0.200.202301161003/tools/bin/../lib/gcc/arm-none-eabi/10.3.1/../../../../arm-none-eabi/lib/thumb/v7e-m+dp/hard\libc_nano.a(lib_a-memset.o)
 .ARM.attributes
                0x00000000000003c3       0x1e c:/st/stm32cubeide_1.11.0/stm32cubeide/plugins/com.st.stm32cube.ide.mcu.externaltools.gnu-tools-for-stm32.10.3-2021.10.win32_1.0.200.202301161003/tools/bin/../lib/gcc/arm-none-eabi/10.3.1/thumb/v7e-m+dp/hard/crtn.o
OUTPUT(BR24L04W.elf elf32-littlearm)
LOAD linker stubs
LOAD c:/st/stm32cubeide_1.11.0/stm32cubeide/plugins/com.st.stm32cube.ide.mcu.externaltools.gnu-tools-for-stm32.10.3-2021.10.win32_1.0.200.202301161003/tools/bin/../lib/gcc/arm-none-eabi/10.3.1/../../../../arm-none-eabi/lib/thumb/v7e-m+dp/hard\libc.a
LOAD c:/st/stm32cubeide_1.11.0/stm32cubeide/plugins/com.st.stm32cube.ide.mcu.externaltools.gnu-tools-for-stm32.10.3-2021.10.win32_1.0.200.202301161003/tools/bin/../lib/gcc/arm-none-eabi/10.3.1/../../../../arm-none-eabi/lib/thumb/v7e-m+dp/hard\libm.a
LOAD c:/st/stm32cubeide_1.11.0/stm32cubeide/plugins/com.st.stm32cube.ide.mcu.externaltools.gnu-tools-for-stm32.10.3-2021.10.win32_1.0.200.202301161003/tools/bin/../lib/gcc/arm-none-eabi/10.3.1/thumb/v7e-m+dp/hard\libgcc.a

.debug_info     0x0000000000000000     0xd44f
 .debug_info    0x0000000000000000      0x110 ./Core/Src/Dev_Inf.o
 .debug_info    0x0000000000000110      0x3ca ./Core/Src/Loader_Src.o
 .debug_info    0x00000000000004da      0x9bc ./Core/Src/e2.o
 .debug_info    0x0000000000000e96     0x10fb ./Core/Src/main.o
 .debug_info    0x0000000000001f91      0xfee ./Core/Src/stm32h7xx_hal_msp.o
 .debug_info    0x0000000000002f7f      0x137 ./Core/Src/stm32h7xx_it.o
 .debug_info    0x00000000000030b6      0xb45 ./Core/Src/system_stm32h7xx.o
 .debug_info    0x0000000000003bfb       0x22 ./Core/Startup/startup_stm32h735igkx.o
 .debug_info    0x0000000000003c1d     0x1758 ./Drivers/STM32H7xx_HAL_Driver/Src/stm32h7xx_hal.o
 .debug_info    0x0000000000005375     0x1173 ./Drivers/STM32H7xx_HAL_Driver/Src/stm32h7xx_hal_cortex.o
 .debug_info    0x00000000000064e8      0xd37 ./Drivers/STM32H7xx_HAL_Driver/Src/stm32h7xx_hal_gpio.o
 .debug_info    0x000000000000721f     0x2455 ./Drivers/STM32H7xx_HAL_Driver/Src/stm32h7xx_hal_i2c.o
 .debug_info    0x0000000000009674      0xe62 ./Drivers/STM32H7xx_HAL_Driver/Src/stm32h7xx_hal_i2c_ex.o
 .debug_info    0x000000000000a4d6      0xe71 ./Drivers/STM32H7xx_HAL_Driver/Src/stm32h7xx_hal_pwr_ex.o
 .debug_info    0x000000000000b347      0xe4a ./Drivers/STM32H7xx_HAL_Driver/Src/stm32h7xx_hal_rcc.o
 .debug_info    0x000000000000c191     0x12be ./Drivers/STM32H7xx_HAL_Driver/Src/stm32h7xx_hal_rcc_ex.o

.debug_abbrev   0x0000000000000000     0x1d2a
 .debug_abbrev  0x0000000000000000       0x74 ./Core/Src/Dev_Inf.o
 .debug_abbrev  0x0000000000000074      0x154 ./Core/Src/Loader_Src.o
 .debug_abbrev  0x00000000000001c8      0x1a8 ./Core/Src/e2.o
 .debug_abbrev  0x0000000000000370      0x2b4 ./Core/Src/main.o
 .debug_abbrev  0x0000000000000624      0x1fe ./Core/Src/stm32h7xx_hal_msp.o
 .debug_abbrev  0x0000000000000822       0x74 ./Core/Src/stm32h7xx_it.o
 .debug_abbrev  0x0000000000000896      0x136 ./Core/Src/system_stm32h7xx.o
 .debug_abbrev  0x00000000000009cc       0x12 ./Core/Startup/startup_stm32h735igkx.o
 .debug_abbrev  0x00000000000009de      0x292 ./Drivers/STM32H7xx_HAL_Driver/Src/stm32h7xx_hal.o
 .debug_abbrev  0x0000000000000c70      0x329 ./Drivers/STM32H7xx_HAL_Driver/Src/stm32h7xx_hal_cortex.o
 .debug_abbrev  0x0000000000000f99      0x1ec ./Drivers/STM32H7xx_HAL_Driver/Src/stm32h7xx_hal_gpio.o
 .debug_abbrev  0x0000000000001185      0x243 ./Drivers/STM32H7xx_HAL_Driver/Src/stm32h7xx_hal_i2c.o
 .debug_abbrev  0x00000000000013c8      0x1e1 ./Drivers/STM32H7xx_HAL_Driver/Src/stm32h7xx_hal_i2c_ex.o
 .debug_abbrev  0x00000000000015a9      0x27e ./Drivers/STM32H7xx_HAL_Driver/Src/stm32h7xx_hal_pwr_ex.o
 .debug_abbrev  0x0000000000001827      0x2a7 ./Drivers/STM32H7xx_HAL_Driver/Src/stm32h7xx_hal_rcc.o
 .debug_abbrev  0x0000000000001ace      0x25c ./Drivers/STM32H7xx_HAL_Driver/Src/stm32h7xx_hal_rcc_ex.o

.debug_aranges  0x0000000000000000      0xaa8
 .debug_aranges
                0x0000000000000000       0x18 ./Core/Src/Dev_Inf.o
 .debug_aranges
                0x0000000000000018       0x50 ./Core/Src/Loader_Src.o
 .debug_aranges
                0x0000000000000068       0x28 ./Core/Src/e2.o
 .debug_aranges
                0x0000000000000090       0x48 ./Core/Src/main.o
 .debug_aranges
                0x00000000000000d8       0x30 ./Core/Src/stm32h7xx_hal_msp.o
 .debug_aranges
                0x0000000000000108       0x60 ./Core/Src/stm32h7xx_it.o
 .debug_aranges
                0x0000000000000168       0x28 ./Core/Src/system_stm32h7xx.o
 .debug_aranges
                0x0000000000000190       0x28 ./Core/Startup/startup_stm32h735igkx.o
 .debug_aranges
                0x00000000000001b8      0x1c8 ./Drivers/STM32H7xx_HAL_Driver/Src/stm32h7xx_hal.o
 .debug_aranges
                0x0000000000000380      0x120 ./Drivers/STM32H7xx_HAL_Driver/Src/stm32h7xx_hal_cortex.o
 .debug_aranges
                0x00000000000004a0       0x58 ./Drivers/STM32H7xx_HAL_Driver/Src/stm32h7xx_hal_gpio.o
 .debug_aranges
                0x00000000000004f8      0x2a0 ./Drivers/STM32H7xx_HAL_Driver/Src/stm32h7xx_hal_i2c.o
 .debug_aranges
                0x0000000000000798       0x48 ./Drivers/STM32H7xx_HAL_Driver/Src/stm32h7xx_hal_i2c_ex.o
 .debug_aranges
                0x00000000000007e0      0x148 ./Drivers/STM32H7xx_HAL_Driver/Src/stm32h7xx_hal_pwr_ex.o
 .debug_aranges
                0x0000000000000928       0x88 ./Drivers/STM32H7xx_HAL_Driver/Src/stm32h7xx_hal_rcc.o
 .debug_aranges
                0x00000000000009b0       0xf8 ./Drivers/STM32H7xx_HAL_Driver/Src/stm32h7xx_hal_rcc_ex.o

.debug_macro    0x0000000000000000    0x31894
 .debug_macro   0x0000000000000000       0x1a ./Core/Src/Dev_Inf.o
 .debug_macro   0x000000000000001a      0xa96 ./Core/Src/Dev_Inf.o
 .debug_macro   0x0000000000000ab0       0x4c ./Core/Src/Dev_Inf.o
 .debug_macro   0x0000000000000afc      0x2b9 ./Core/Src/Loader_Src.o
 .debug_macro   0x0000000000000db5      0x22c ./Core/Src/Loader_Src.o
 .debug_macro   0x0000000000000fe1       0x2e ./Core/Src/Loader_Src.o
 .debug_macro   0x000000000000100f       0x42 ./Core/Src/Loader_Src.o
 .debug_macro   0x0000000000001051       0x22 ./Core/Src/Loader_Src.o
 .debug_macro   0x0000000000001073       0x8e ./Core/Src/Loader_Src.o
 .debug_macro   0x0000000000001101       0x51 ./Core/Src/Loader_Src.o
 .debug_macro   0x0000000000001152      0x103 ./Core/Src/Loader_Src.o
 .debug_macro   0x0000000000001255       0x6a ./Core/Src/Loader_Src.o
 .debug_macro   0x00000000000012bf      0x1df ./Core/Src/Loader_Src.o
 .debug_macro   0x000000000000149e       0x1c ./Core/Src/Loader_Src.o
 .debug_macro   0x00000000000014ba       0x22 ./Core/Src/Loader_Src.o
 .debug_macro   0x00000000000014dc       0xfb ./Core/Src/Loader_Src.o
 .debug_macro   0x00000000000015d7     0x1305 ./Core/Src/Loader_Src.o
 .debug_macro   0x00000000000028dc      0x11f ./Core/Src/Loader_Src.o
 .debug_macro   0x00000000000029fb       0x27 ./Core/Src/Loader_Src.o
 .debug_macro   0x0000000000002a22    0x21c42 ./Core/Src/Loader_Src.o
 .debug_macro   0x0000000000024664       0x6d ./Core/Src/Loader_Src.o
 .debug_macro   0x00000000000246d1     0x3d48 ./Core/Src/Loader_Src.o
 .debug_macro   0x0000000000028419      0x174 ./Core/Src/Loader_Src.o
 .debug_macro   0x000000000002858d       0x52 ./Core/Src/Loader_Src.o
 .debug_macro   0x00000000000285df       0x1d ./Core/Src/Loader_Src.o
 .debug_macro   0x00000000000285fc       0x3c ./Core/Src/Loader_Src.o
 .debug_macro   0x0000000000028638       0x34 ./Core/Src/Loader_Src.o
 .debug_macro   0x000000000002866c       0x16 ./Core/Src/Loader_Src.o
 .debug_macro   0x0000000000028682       0x43 ./Core/Src/Loader_Src.o
 .debug_macro   0x00000000000286c5       0x34 ./Core/Src/Loader_Src.o
 .debug_macro   0x00000000000286f9       0x10 ./Core/Src/Loader_Src.o
 .debug_macro   0x0000000000028709       0x58 ./Core/Src/Loader_Src.o
 .debug_macro   0x0000000000028761       0x71 ./Core/Src/Loader_Src.o
 .debug_macro   0x00000000000287d2       0x1c ./Core/Src/Loader_Src.o
 .debug_macro   0x00000000000287ee      0x12a ./Core/Src/Loader_Src.o
 .debug_macro   0x0000000000028918      0x341 ./Core/Src/Loader_Src.o
 .debug_macro   0x0000000000028c59      0x19b ./Core/Src/Loader_Src.o
 .debug_macro   0x0000000000028df4       0x5d ./Core/Src/Loader_Src.o
 .debug_macro   0x0000000000028e51     0x257a ./Core/Src/Loader_Src.o
 .debug_macro   0x000000000002b3cb     0x1079 ./Core/Src/Loader_Src.o
 .debug_macro   0x000000000002c444      0x154 ./Core/Src/Loader_Src.o
 .debug_macro   0x000000000002c598      0x114 ./Core/Src/Loader_Src.o
 .debug_macro   0x000000000002c6ac      0x3f8 ./Core/Src/Loader_Src.o
 .debug_macro   0x000000000002caa4       0xac ./Core/Src/Loader_Src.o
 .debug_macro   0x000000000002cb50      0x788 ./Core/Src/Loader_Src.o
 .debug_macro   0x000000000002d2d8      0x228 ./Core/Src/Loader_Src.o
 .debug_macro   0x000000000002d500       0x66 ./Core/Src/Loader_Src.o
 .debug_macro   0x000000000002d566      0x3a6 ./Core/Src/Loader_Src.o
 .debug_macro   0x000000000002d90c      0x3f9 ./Core/Src/Loader_Src.o
 .debug_macro   0x000000000002dd05      0x275 ./Core/Src/Loader_Src.o
 .debug_macro   0x000000000002df7a      0x3ca ./Core/Src/Loader_Src.o
 .debug_macro   0x000000000002e344      0x45c ./Core/Src/Loader_Src.o
 .debug_macro   0x000000000002e7a0       0x3c ./Core/Src/Loader_Src.o
 .debug_macro   0x000000000002e7dc       0x4a ./Core/Src/Loader_Src.o
 .debug_macro   0x000000000002e826      0x22c ./Core/Src/Loader_Src.o
 .debug_macro   0x000000000002ea52       0x67 ./Core/Src/Loader_Src.o
 .debug_macro   0x000000000002eab9       0xa5 ./Core/Src/Loader_Src.o
 .debug_macro   0x000000000002eb5e      0x1c4 ./Core/Src/Loader_Src.o
 .debug_macro   0x000000000002ed22      0x25b ./Core/Src/Loader_Src.o
 .debug_macro   0x000000000002ef7d       0x35 ./Core/Src/Loader_Src.o
 .debug_macro   0x000000000002efb2      0x5e6 ./Core/Src/Loader_Src.o
 .debug_macro   0x000000000002f598       0x10 ./Core/Src/Loader_Src.o
 .debug_macro   0x000000000002f5a8       0x10 ./Core/Src/Loader_Src.o
 .debug_macro   0x000000000002f5b8       0x28 ./Core/Src/Loader_Src.o
 .debug_macro   0x000000000002f5e0       0x3a ./Core/Src/Loader_Src.o
 .debug_macro   0x000000000002f61a      0x2b3 ./Core/Src/e2.o
 .debug_macro   0x000000000002f8cd      0x28f ./Core/Src/main.o
 .debug_macro   0x000000000002fb5c      0x28f ./Core/Src/stm32h7xx_hal_msp.o
 .debug_macro   0x000000000002fdeb      0x299 ./Core/Src/stm32h7xx_it.o
 .debug_macro   0x0000000000030084      0x298 ./Core/Src/system_stm32h7xx.o
 .debug_macro   0x000000000003031c      0x2aa ./Drivers/STM32H7xx_HAL_Driver/Src/stm32h7xx_hal.o
 .debug_macro   0x00000000000305c6      0x280 ./Drivers/STM32H7xx_HAL_Driver/Src/stm32h7xx_hal_cortex.o
 .debug_macro   0x0000000000030846      0x287 ./Drivers/STM32H7xx_HAL_Driver/Src/stm32h7xx_hal_gpio.o
 .debug_macro   0x0000000000030acd      0x34c ./Drivers/STM32H7xx_HAL_Driver/Src/stm32h7xx_hal_i2c.o
 .debug_macro   0x0000000000030e19      0x280 ./Drivers/STM32H7xx_HAL_Driver/Src/stm32h7xx_hal_i2c_ex.o
 .debug_macro   0x0000000000031099      0x2b9 ./Drivers/STM32H7xx_HAL_Driver/Src/stm32h7xx_hal_pwr_ex.o
 .debug_macro   0x0000000000031352      0x2a4 ./Drivers/STM32H7xx_HAL_Driver/Src/stm32h7xx_hal_rcc.o
 .debug_macro   0x00000000000315f6      0x29e ./Drivers/STM32H7xx_HAL_Driver/Src/stm32h7xx_hal_rcc_ex.o

.debug_line     0x0000000000000000     0xe164
 .debug_line    0x0000000000000000       0x4f ./Core/Src/Dev_Inf.o
 .debug_line    0x000000000000004f      0x94e ./Core/Src/Loader_Src.o
 .debug_line    0x000000000000099d      0x974 ./Core/Src/e2.o
 .debug_line    0x0000000000001311      0x910 ./Core/Src/main.o
 .debug_line    0x0000000000001c21      0x850 ./Core/Src/stm32h7xx_hal_msp.o
 .debug_line    0x0000000000002471      0x8b4 ./Core/Src/stm32h7xx_it.o
 .debug_line    0x0000000000002d25      0x99c ./Core/Src/system_stm32h7xx.o
 .debug_line    0x00000000000036c1       0x88 ./Core/Startup/startup_stm32h735igkx.o
 .debug_line    0x0000000000003749      0xe30 ./Drivers/STM32H7xx_HAL_Driver/Src/stm32h7xx_hal.o
 .debug_line    0x0000000000004579      0xda5 ./Drivers/STM32H7xx_HAL_Driver/Src/stm32h7xx_hal_cortex.o
 .debug_line    0x000000000000531e      0xc4e ./Drivers/STM32H7xx_HAL_Driver/Src/stm32h7xx_hal_gpio.o
 .debug_line    0x0000000000005f6c     0x3b88 ./Drivers/STM32H7xx_HAL_Driver/Src/stm32h7xx_hal_i2c.o
 .debug_line    0x0000000000009af4      0xa0f ./Drivers/STM32H7xx_HAL_Driver/Src/stm32h7xx_hal_i2c_ex.o
 .debug_line    0x000000000000a503      0xe3f ./Drivers/STM32H7xx_HAL_Driver/Src/stm32h7xx_hal_pwr_ex.o
 .debug_line    0x000000000000b342     0x12c6 ./Drivers/STM32H7xx_HAL_Driver/Src/stm32h7xx_hal_rcc.o
 .debug_line    0x000000000000c608     0x1b5c ./Drivers/STM32H7xx_HAL_Driver/Src/stm32h7xx_hal_rcc_ex.o

.debug_str      0x0000000000000000   0x13c8a7
 .debug_str     0x0000000000000000     0x2e51 ./Core/Src/Dev_Inf.o
                                       0x2e96 (size before relaxing)
 .debug_str     0x0000000000002e51   0x135450 ./Core/Src/Loader_Src.o
                                     0x138705 (size before relaxing)
 .debug_str     0x00000000001382a1      0x73a ./Core/Src/e2.o
                                     0x138ca5 (size before relaxing)
 .debug_str     0x00000000001389db      0x4bd ./Core/Src/main.o
                                     0x138ef6 (size before relaxing)
 .debug_str     0x0000000000138e98      0x34f ./Core/Src/stm32h7xx_hal_msp.o
                                     0x138fae (size before relaxing)
 .debug_str     0x00000000001391e7       0xc9 ./Core/Src/stm32h7xx_it.o
                                     0x1383e9 (size before relaxing)
 .debug_str     0x00000000001392b0      0x316 ./Core/Src/system_stm32h7xx.o
                                     0x138868 (size before relaxing)
 .debug_str     0x00000000001395c6       0x36 ./Core/Startup/startup_stm32h735igkx.o
                                         0x6f (size before relaxing)
 .debug_str     0x00000000001395fc     0x114b ./Drivers/STM32H7xx_HAL_Driver/Src/stm32h7xx_hal.o
                                     0x1398b3 (size before relaxing)
 .debug_str     0x000000000013a747      0x35a ./Drivers/STM32H7xx_HAL_Driver/Src/stm32h7xx_hal_cortex.o
                                     0x139195 (size before relaxing)
 .debug_str     0x000000000013aaa1       0xf1 ./Drivers/STM32H7xx_HAL_Driver/Src/stm32h7xx_hal_gpio.o
                                     0x13884b (size before relaxing)
 .debug_str     0x000000000013ab92      0xdfe ./Drivers/STM32H7xx_HAL_Driver/Src/stm32h7xx_hal_i2c.o
                                     0x1398ed (size before relaxing)
 .debug_str     0x000000000013b990       0xb8 ./Drivers/STM32H7xx_HAL_Driver/Src/stm32h7xx_hal_i2c_ex.o
                                     0x138cba (size before relaxing)
 .debug_str     0x000000000013ba48      0x5ee ./Drivers/STM32H7xx_HAL_Driver/Src/stm32h7xx_hal_pwr_ex.o
                                     0x138c53 (size before relaxing)
 .debug_str     0x000000000013c036      0x22e ./Drivers/STM32H7xx_HAL_Driver/Src/stm32h7xx_hal_rcc.o
                                     0x138bce (size before relaxing)
 .debug_str     0x000000000013c264      0x643 ./Drivers/STM32H7xx_HAL_Driver/Src/stm32h7xx_hal_rcc_ex.o
                                     0x1390e6 (size before relaxing)

.comment        0x0000000000000000       0x50
 .comment       0x0000000000000000       0x50 ./Core/Src/Dev_Inf.o
                                         0x51 (size before relaxing)
 .comment       0x0000000000000050       0x51 ./Core/Src/Loader_Src.o
 .comment       0x0000000000000050       0x51 ./Core/Src/e2.o
 .comment       0x0000000000000050       0x51 ./Core/Src/main.o
 .comment       0x0000000000000050       0x51 ./Core/Src/stm32h7xx_hal_msp.o
 .comment       0x0000000000000050       0x51 ./Core/Src/stm32h7xx_it.o
 .comment       0x0000000000000050       0x51 ./Core/Src/system_stm32h7xx.o
 .comment       0x0000000000000050       0x51 ./Drivers/STM32H7xx_HAL_Driver/Src/stm32h7xx_hal.o
 .comment       0x0000000000000050       0x51 ./Drivers/STM32H7xx_HAL_Driver/Src/stm32h7xx_hal_cortex.o
 .comment       0x0000000000000050       0x51 ./Drivers/STM32H7xx_HAL_Driver/Src/stm32h7xx_hal_gpio.o
 .comment       0x0000000000000050       0x51 ./Drivers/STM32H7xx_HAL_Driver/Src/stm32h7xx_hal_i2c.o
 .comment       0x0000000000000050       0x51 ./Drivers/STM32H7xx_HAL_Driver/Src/stm32h7xx_hal_i2c_ex.o
 .comment       0x0000000000000050       0x51 ./Drivers/STM32H7xx_HAL_Driver/Src/stm32h7xx_hal_pwr_ex.o
 .comment       0x0000000000000050       0x51 ./Drivers/STM32H7xx_HAL_Driver/Src/stm32h7xx_hal_rcc.o
 .comment       0x0000000000000050       0x51 ./Drivers/STM32H7xx_HAL_Driver/Src/stm32h7xx_hal_rcc_ex.o

.debug_ranges   0x0000000000000000      0x9a8
 .debug_ranges  0x0000000000000000       0x40 ./Core/Src/Loader_Src.o
 .debug_ranges  0x0000000000000040       0x18 ./Core/Src/e2.o
 .debug_ranges  0x0000000000000058       0x38 ./Core/Src/main.o
 .debug_ranges  0x0000000000000090       0x20 ./Core/Src/stm32h7xx_hal_msp.o
 .debug_ranges  0x00000000000000b0       0x50 ./Core/Src/stm32h7xx_it.o
 .debug_ranges  0x0000000000000100       0x18 ./Core/Src/system_stm32h7xx.o
 .debug_ranges  0x0000000000000118       0x20 ./Core/Startup/startup_stm32h735igkx.o
 .debug_ranges  0x0000000000000138      0x1b8 ./Drivers/STM32H7xx_HAL_Driver/Src/stm32h7xx_hal.o
 .debug_ranges  0x00000000000002f0      0x110 ./Drivers/STM32H7xx_HAL_Driver/Src/stm32h7xx_hal_cortex.o
 .debug_ranges  0x0000000000000400       0x48 ./Drivers/STM32H7xx_HAL_Driver/Src/stm32h7xx_hal_gpio.o
 .debug_ranges  0x0000000000000448      0x290 ./Drivers/STM32H7xx_HAL_Driver/Src/stm32h7xx_hal_i2c.o
 .debug_ranges  0x00000000000006d8       0x38 ./Drivers/STM32H7xx_HAL_Driver/Src/stm32h7xx_hal_i2c_ex.o
 .debug_ranges  0x0000000000000710      0x138 ./Drivers/STM32H7xx_HAL_Driver/Src/stm32h7xx_hal_pwr_ex.o
 .debug_ranges  0x0000000000000848       0x78 ./Drivers/STM32H7xx_HAL_Driver/Src/stm32h7xx_hal_rcc.o
 .debug_ranges  0x00000000000008c0       0xe8 ./Drivers/STM32H7xx_HAL_Driver/Src/stm32h7xx_hal_rcc_ex.o

.debug_frame    0x0000000000000000     0x2a4c
 .debug_frame   0x0000000000000000      0x10c ./Core/Src/Loader_Src.o
 .debug_frame   0x000000000000010c       0x5c ./Core/Src/e2.o
 .debug_frame   0x0000000000000168       0xc4 ./Core/Src/main.o
 .debug_frame   0x000000000000022c       0x84 ./Core/Src/stm32h7xx_hal_msp.o
 .debug_frame   0x00000000000002b0      0x104 ./Core/Src/stm32h7xx_it.o
 .debug_frame   0x00000000000003b4       0x58 ./Core/Src/system_stm32h7xx.o
 .debug_frame   0x000000000000040c      0x760 ./Drivers/STM32H7xx_HAL_Driver/Src/stm32h7xx_hal.o
 .debug_frame   0x0000000000000b6c      0x4b8 ./Drivers/STM32H7xx_HAL_Driver/Src/stm32h7xx_hal_cortex.o
 .debug_frame   0x0000000000001024      0x14c ./Drivers/STM32H7xx_HAL_Driver/Src/stm32h7xx_hal_gpio.o
 .debug_frame   0x0000000000001170      0xc40 ./Drivers/STM32H7xx_HAL_Driver/Src/stm32h7xx_hal_i2c.o
 .debug_frame   0x0000000000001db0      0x100 ./Drivers/STM32H7xx_HAL_Driver/Src/stm32h7xx_hal_i2c_ex.o
 .debug_frame   0x0000000000001eb0      0x540 ./Drivers/STM32H7xx_HAL_Driver/Src/stm32h7xx_hal_pwr_ex.o
 .debug_frame   0x00000000000023f0      0x1fc ./Drivers/STM32H7xx_HAL_Driver/Src/stm32h7xx_hal_rcc.o
 .debug_frame   0x00000000000025ec      0x414 ./Drivers/STM32H7xx_HAL_Driver/Src/stm32h7xx_hal_rcc_ex.o
 .debug_frame   0x0000000000002a00       0x2c c:/st/stm32cubeide_1.11.0/stm32cubeide/plugins/com.st.stm32cube.ide.mcu.externaltools.gnu-tools-for-stm32.10.3-2021.10.win32_1.0.200.202301161003/tools/bin/../lib/gcc/arm-none-eabi/10.3.1/../../../../arm-none-eabi/lib/thumb/v7e-m+dp/hard\libc_nano.a(lib_a-init.o)
 .debug_frame   0x0000000000002a2c       0x20 c:/st/stm32cubeide_1.11.0/stm32cubeide/plugins/com.st.stm32cube.ide.mcu.externaltools.gnu-tools-for-stm32.10.3-2021.10.win32_1.0.200.202301161003/tools/bin/../lib/gcc/arm-none-eabi/10.3.1/../../../../arm-none-eabi/lib/thumb/v7e-m+dp/hard\libc_nano.a(lib_a-memset.o)
