../Core/Src/main.c:115:5:main	24	static,ignoring_inline_asm
../Core/Src/main.c:221:6:SystemClock_Config	120	static
../Core/Src/main.c:281:6:PeriphCommonClock_Config	192	static
../Core/Src/main.c:308:13:MX_CRC_Init	8	static
../Core/Src/main.c:339:13:MX_DMA2D_Init	8	static
../Core/Src/main.c:368:13:MX_I2C2_Init	8	static
../Core/Src/main.c:416:13:MX_I2C5_Init	8	static
../Core/Src/main.c:464:13:MX_LTDC_Init	64	static
../Core/Src/main.c:527:13:MX_OCTOSPI1_Init	40	static
../Core/Src/main.c:599:13:MX_OCTOSPI2_Init	80	static
../Core/Src/main.c:678:13:MX_SPI5_Init	8	static
../Core/Src/main.c:726:13:MX_USART3_UART_Init	8	static
../Core/Src/main.c:774:13:MX_GPIO_Init	64	static
../Core/Src/main.c:833:6:NV3052_RGB_init	8	static
../Core/Src/main.c:1047:6:WriteCommand	24	static
../Core/Src/main.c:1055:6:WriteData	24	static
../Core/Src/main.c:1063:6:Wrt_Reg_3052	16	static
../Core/Src/main.c:1077:6:StartDefaultTask	16	static
../Core/Src/main.c:1091:6:MPU_Config	24	static
../Core/Src/main.c:1168:6:HAL_TIM_PeriodElapsedCallback	16	static
../Core/Src/main.c:1185:6:Error_Handler	4	static,ignoring_inline_asm
