../Drivers/STM32H7xx_HAL_Driver/Inc/stm32h7xx_ll_usart.h:1581:22:LL_USART_EnableRxTimeout	16	static
../Drivers/STM32H7xx_HAL_Driver/Inc/stm32h7xx_ll_usart.h:1974:22:LL_USART_SetRxTimeout	16	static
../Drivers/STM32H7xx_HAL_Driver/Inc/stm32h7xx_ll_usart.h:2939:26:LL_USART_IsActiveFlag_PE	16	static
../Drivers/STM32H7xx_HAL_Driver/Inc/stm32h7xx_ll_usart.h:2950:26:LL_USART_IsActiveFlag_FE	16	static
../Drivers/STM32H7xx_HAL_Driver/Inc/stm32h7xx_ll_usart.h:2961:26:LL_USART_IsActiveFlag_NE	16	static
../Drivers/STM32H7xx_HAL_Driver/Inc/stm32h7xx_ll_usart.h:2972:26:LL_USART_IsActiveFlag_ORE	16	static
../Drivers/STM32H7xx_HAL_Driver/Inc/stm32h7xx_ll_usart.h:2998:26:LL_USART_IsActiveFlag_RXNE_RXFNE	16	static
../Drivers/STM32H7xx_HAL_Driver/Inc/stm32h7xx_ll_usart.h:3009:26:LL_USART_IsActiveFlag_TC	16	static
../Drivers/STM32H7xx_HAL_Driver/Inc/stm32h7xx_ll_usart.h:3024:26:LL_USART_IsActiveFlag_TXE_TXFNF	16	static
../Drivers/STM32H7xx_HAL_Driver/Inc/stm32h7xx_ll_usart.h:3074:26:LL_USART_IsActiveFlag_RTO	16	static
../Drivers/STM32H7xx_HAL_Driver/Inc/stm32h7xx_ll_usart.h:3279:22:LL_USART_ClearFlag_PE	16	static
../Drivers/STM32H7xx_HAL_Driver/Inc/stm32h7xx_ll_usart.h:3290:22:LL_USART_ClearFlag_FE	16	static
../Drivers/STM32H7xx_HAL_Driver/Inc/stm32h7xx_ll_usart.h:3301:22:LL_USART_ClearFlag_NE	16	static
../Drivers/STM32H7xx_HAL_Driver/Inc/stm32h7xx_ll_usart.h:3312:22:LL_USART_ClearFlag_ORE	16	static
../Drivers/STM32H7xx_HAL_Driver/Inc/stm32h7xx_ll_usart.h:3336:22:LL_USART_ClearFlag_TXFE	16	static
../Drivers/STM32H7xx_HAL_Driver/Inc/stm32h7xx_ll_usart.h:3347:22:LL_USART_ClearFlag_TC	16	static
../Drivers/STM32H7xx_HAL_Driver/Inc/stm32h7xx_ll_usart.h:3395:22:LL_USART_ClearFlag_RTO	16	static
../Drivers/STM32H7xx_HAL_Driver/Inc/stm32h7xx_ll_usart.h:3479:22:LL_USART_EnableIT_RXNE_RXFNE	40	static,ignoring_inline_asm
../Drivers/STM32H7xx_HAL_Driver/Inc/stm32h7xx_ll_usart.h:3490:22:LL_USART_EnableIT_TC	40	static,ignoring_inline_asm
../Drivers/STM32H7xx_HAL_Driver/Inc/stm32h7xx_ll_usart.h:3505:22:LL_USART_EnableIT_TXE_TXFNF	40	static,ignoring_inline_asm
../Drivers/STM32H7xx_HAL_Driver/Inc/stm32h7xx_ll_usart.h:3538:22:LL_USART_EnableIT_RTO	40	static,ignoring_inline_asm
../Drivers/STM32H7xx_HAL_Driver/Inc/stm32h7xx_ll_usart.h:3694:22:LL_USART_DisableIT_RXNE_RXFNE	40	static,ignoring_inline_asm
../Drivers/STM32H7xx_HAL_Driver/Inc/stm32h7xx_ll_usart.h:3705:22:LL_USART_DisableIT_TC	40	static,ignoring_inline_asm
../Drivers/STM32H7xx_HAL_Driver/Inc/stm32h7xx_ll_usart.h:3720:22:LL_USART_DisableIT_TXE_TXFNF	40	static,ignoring_inline_asm
../Drivers/STM32H7xx_HAL_Driver/Inc/stm32h7xx_ll_usart.h:3753:22:LL_USART_DisableIT_RTO	40	static,ignoring_inline_asm
../Drivers/STM32H7xx_HAL_Driver/Inc/stm32h7xx_ll_usart.h:3911:26:LL_USART_IsEnabledIT_RXNE_RXFNE	16	static
../Drivers/STM32H7xx_HAL_Driver/Inc/stm32h7xx_ll_usart.h:3922:26:LL_USART_IsEnabledIT_TC	16	static
../Drivers/STM32H7xx_HAL_Driver/Inc/stm32h7xx_ll_usart.h:3937:26:LL_USART_IsEnabledIT_TXE_TXFNF	16	static
../Drivers/STM32H7xx_HAL_Driver/Inc/stm32h7xx_ll_usart.h:3970:26:LL_USART_IsEnabledIT_RTO	16	static
../Drivers/STM32H7xx_HAL_Driver/Inc/stm32h7xx_ll_usart.h:4252:25:LL_USART_ReceiveData8	16	static
../Drivers/STM32H7xx_HAL_Driver/Inc/stm32h7xx_ll_usart.h:4275:22:LL_USART_TransmitData8	16	static
C:/ProlonDev/Projects/T2000/Firmware/Code/Common/Src/com_rs485.c:71:6:RS485_Init	8	static
C:/ProlonDev/Projects/T2000/Firmware/Code/Common/Src/com_rs485.c:92:6:RS485_DeInit	4	static
C:/ProlonDev/Projects/T2000/Firmware/Code/Common/Src/com_rs485.c:97:6:RS485_Rx	8	static
C:/ProlonDev/Projects/T2000/Firmware/Code/Common/Src/com_rs485.c:113:6:RS485_Tx	8	static
C:/ProlonDev/Projects/T2000/Firmware/Code/Common/Src/com_rs485.c:122:10:RS485_TxRx	8	static
C:/ProlonDev/Projects/T2000/Firmware/Code/Common/Src/com_rs485.c:130:18:RS485_GetConnexion	4	static
C:/ProlonDev/Projects/T2000/Firmware/Code/Common/Src/com_rs485.c:139:6:RS485_IRQHandler	24	static
C:/ProlonDev/Projects/T2000/Firmware/Code/Common/Src/com_rs485.c:211:13:RS485_Thread	24	static
