../Drivers/CMSIS/Include/core_cm7.h:2156:34:__NVIC_SystemReset	4	static,ignoring_inline_asm
C:/ProlonDev/Projects/T2000/Firmware/Code/Common/Src/framework.c:183:6:FMK_Boot	8	static
C:/ProlonDev/Projects/T2000/Firmware/Code/Common/Src/framework.c:195:6:FMK_Init	8	static
C:/ProlonDev/Projects/T2000/Firmware/Code/Common/Src/framework.c:211:6:FMK_Entry	8	static
C:/ProlonDev/Projects/T2000/Firmware/Code/Common/Src/framework.c:223:6:FMK_Main	16	static
C:/ProlonDev/Projects/T2000/Firmware/Code/Common/Src/framework.c:239:6:FMK_SetBootAddress	96	static
C:/ProlonDev/Projects/T2000/Firmware/Code/Common/Src/framework.c:265:6:FMK_PostFlag	16	static
C:/ProlonDev/Projects/T2000/Firmware/Code/Common/Src/framework.c:271:6:FMK_PostSystemEvent	16	static
C:/ProlonDev/Projects/T2000/Firmware/Code/Common/Src/framework.c:278:6:FMK_SaveConfig	8	static
C:/ProlonDev/Projects/T2000/Firmware/Code/Common/Src/framework.c:290:18:FMK_GetSharedRam	4	static
C:/ProlonDev/Projects/T2000/Firmware/Code/Common/Src/framework.c:296:20:FMK_GetSharedFlash	4	static
C:/ProlonDev/Projects/T2000/Firmware/Code/Common/Src/framework.c:305:13:FMK_OnSystem	24	static,ignoring_inline_asm
C:/ProlonDev/Projects/T2000/Firmware/Code/Common/Src/framework.c:354:13:FMK_OnCom	8	static
C:/ProlonDev/Projects/T2000/Firmware/Code/Common/Src/framework.c:379:15:FMK_ComFramework	32	static
C:/ProlonDev/Projects/T2000/Firmware/Code/Common/Src/framework.c:401:15:FMK_ComModBus	24	static
C:/ProlonDev/Projects/T2000/Firmware/Code/Common/Src/framework.c:435:13:FMK_Upgrade	16	static
C:/ProlonDev/Projects/T2000/Firmware/Code/Common/Src/framework.c:458:13:FMK_Tx	24	static
C:/ProlonDev/Projects/T2000/Firmware/Code/Common/Src/framework.c:475:13:FMK_CmdIdentify	24	static
C:/ProlonDev/Projects/T2000/Firmware/Code/Common/Src/framework.c:503:13:FMK_CmdEnter	16	static
C:/ProlonDev/Projects/T2000/Firmware/Code/Common/Src/framework.c:517:13:FMK_CmdLeave	16	static
C:/ProlonDev/Projects/T2000/Firmware/Code/Common/Src/framework.c:544:13:FMK_CmdFirmwareErase	16	static
C:/ProlonDev/Projects/T2000/Firmware/Code/Common/Src/framework.c:569:13:FMK_CmdFirmwareWrite	16	static
C:/ProlonDev/Projects/T2000/Firmware/Code/Common/Src/framework.c:601:13:FMK_CmdFirmwareRead	16	static
C:/ProlonDev/Projects/T2000/Firmware/Code/Common/Src/framework.c:607:13:FMK_CmdAssetErase	16	static
C:/ProlonDev/Projects/T2000/Firmware/Code/Common/Src/framework.c:633:13:FMK_CmdAssetWrite	16	static
C:/ProlonDev/Projects/T2000/Firmware/Code/Common/Src/framework.c:665:13:FMK_CmdAssetRead	16	static
C:/ProlonDev/Projects/T2000/Firmware/Code/Common/Src/framework.c:675:13:FMK_CmdDataWrite	16	static
C:/ProlonDev/Projects/T2000/Firmware/Code/Common/Src/framework.c:703:13:FMK_CmdDataRead	16	static
C:/ProlonDev/Projects/T2000/Firmware/Code/Common/Src/framework.c:709:13:FMK_CmdResult	24	static
C:/ProlonDev/Projects/T2000/Firmware/Code/Common/Src/framework.c:741:15:FMK_ValidateBootL	80	static
C:/ProlonDev/Projects/T2000/Firmware/Code/Common/Src/framework.c:754:13:FMK_Enter	16	static
C:/ProlonDev/Projects/T2000/Firmware/Code/Common/Src/framework.c:764:15:FMK_ValidateBanner	24	static
